Archive member included to satisfy reference by file (symbol)

d:/mcuxpressoide_11.6.1_8255/ide/plugins/com.nxp.mcuxpresso.tools.win32_11.6.1.202207200623/tools/bin/../lib/gcc/arm-none-eabi/10.3.1/../../../../arm-none-eabi/lib/thumb/v6-m/nofp\libcr_nohost_nf.a(_cr__main.o)
                              ./startup/startup_k32l2b31a.o (__main)
d:/mcuxpressoide_11.6.1_8255/ide/plugins/com.nxp.mcuxpresso.tools.win32_11.6.1.202207200623/tools/bin/../lib/gcc/arm-none-eabi/10.3.1/../../../../arm-none-eabi/lib/thumb/v6-m/nofp\libcr_c.a(memcpy.o)
                              ./utilities/fsl_debug_console.o (memcpy)
d:/mcuxpressoide_11.6.1_8255/ide/plugins/com.nxp.mcuxpresso.tools.win32_11.6.1.202207200623/tools/bin/../lib/gcc/arm-none-eabi/10.3.1/../../../../arm-none-eabi/lib/thumb/v6-m/nofp\libcr_c.a(memset.o)
                              ./drivers/fsl_lpuart.o (memset)
d:/mcuxpressoide_11.6.1_8255/ide/plugins/com.nxp.mcuxpresso.tools.win32_11.6.1.202207200623/tools/bin/../lib/gcc/arm-none-eabi/10.3.1/../../../../arm-none-eabi/lib/thumb/v6-m/nofp\libcr_c.a(alloc.o)
                              ./drivers/fsl_common.o (malloc)
d:/mcuxpressoide_11.6.1_8255/ide/plugins/com.nxp.mcuxpresso.tools.win32_11.6.1.202207200623/tools/bin/../lib/gcc/arm-none-eabi/10.3.1/../../../../arm-none-eabi/lib/thumb/v6-m/nofp\libcr_c.a(initio.o)
                              d:/mcuxpressoide_11.6.1_8255/ide/plugins/com.nxp.mcuxpresso.tools.win32_11.6.1.202207200623/tools/bin/../lib/gcc/arm-none-eabi/10.3.1/../../../../arm-none-eabi/lib/thumb/v6-m/nofp\libcr_nohost_nf.a(_cr__main.o) (_initio)
d:/mcuxpressoide_11.6.1_8255/ide/plugins/com.nxp.mcuxpresso.tools.win32_11.6.1.202207200623/tools/bin/../lib/gcc/arm-none-eabi/10.3.1/../../../../arm-none-eabi/lib/thumb/v6-m/nofp\libcr_c.a(setvbuf.o)
                              d:/mcuxpressoide_11.6.1_8255/ide/plugins/com.nxp.mcuxpresso.tools.win32_11.6.1.202207200623/tools/bin/../lib/gcc/arm-none-eabi/10.3.1/../../../../arm-none-eabi/lib/thumb/v6-m/nofp\libcr_c.a(initio.o) (setvbuf)
d:/mcuxpressoide_11.6.1_8255/ide/plugins/com.nxp.mcuxpresso.tools.win32_11.6.1.202207200623/tools/bin/../lib/gcc/arm-none-eabi/10.3.1/../../../../arm-none-eabi/lib/thumb/v6-m/nofp\libcr_c.a(strlen.o)
                              ./utilities/fsl_debug_console.o (strlen)
d:/mcuxpressoide_11.6.1_8255/ide/plugins/com.nxp.mcuxpresso.tools.win32_11.6.1.202207200623/tools/bin/../lib/gcc/arm-none-eabi/10.3.1/../../../../arm-none-eabi/lib/thumb/v6-m/nofp\libcr_c.a(__init_alloc.o)
                              d:/mcuxpressoide_11.6.1_8255/ide/plugins/com.nxp.mcuxpresso.tools.win32_11.6.1.202207200623/tools/bin/../lib/gcc/arm-none-eabi/10.3.1/../../../../arm-none-eabi/lib/thumb/v6-m/nofp\libcr_c.a(alloc.o) (__heaps)
d:/mcuxpressoide_11.6.1_8255/ide/plugins/com.nxp.mcuxpresso.tools.win32_11.6.1.202207200623/tools/bin/../lib/gcc/arm-none-eabi/10.3.1/../../../../arm-none-eabi/lib/thumb/v6-m/nofp\libcr_c.a(_cr_sbrk.o)
                              d:/mcuxpressoide_11.6.1_8255/ide/plugins/com.nxp.mcuxpresso.tools.win32_11.6.1.202207200623/tools/bin/../lib/gcc/arm-none-eabi/10.3.1/../../../../arm-none-eabi/lib/thumb/v6-m/nofp\libcr_c.a(alloc.o) (_sbrk)
d:/mcuxpressoide_11.6.1_8255/ide/plugins/com.nxp.mcuxpresso.tools.win32_11.6.1.202207200623/tools/bin/../lib/gcc/arm-none-eabi/10.3.1/../../../../arm-none-eabi/lib/thumb/v6-m/nofp\libcr_c.a(_fdopen.o)
                              d:/mcuxpressoide_11.6.1_8255/ide/plugins/com.nxp.mcuxpresso.tools.win32_11.6.1.202207200623/tools/bin/../lib/gcc/arm-none-eabi/10.3.1/../../../../arm-none-eabi/lib/thumb/v6-m/nofp\libcr_c.a(initio.o) (_fdopen)
d:/mcuxpressoide_11.6.1_8255/ide/plugins/com.nxp.mcuxpresso.tools.win32_11.6.1.202207200623/tools/bin/../lib/gcc/arm-none-eabi/10.3.1/../../../../arm-none-eabi/lib/thumb/v6-m/nofp\libcr_c.a(errno.o)
                              d:/mcuxpressoide_11.6.1_8255/ide/plugins/com.nxp.mcuxpresso.tools.win32_11.6.1.202207200623/tools/bin/../lib/gcc/arm-none-eabi/10.3.1/../../../../arm-none-eabi/lib/thumb/v6-m/nofp\libcr_c.a(_cr_sbrk.o) (errno)
d:/mcuxpressoide_11.6.1_8255/ide/plugins/com.nxp.mcuxpresso.tools.win32_11.6.1.202207200623/tools/bin/../lib/gcc/arm-none-eabi/10.3.1/../../../../arm-none-eabi/lib/thumb/v6-m/nofp\libcr_c.a(fclose.o)
                              d:/mcuxpressoide_11.6.1_8255/ide/plugins/com.nxp.mcuxpresso.tools.win32_11.6.1.202207200623/tools/bin/../lib/gcc/arm-none-eabi/10.3.1/../../../../arm-none-eabi/lib/thumb/v6-m/nofp\libcr_c.a(initio.o) (fclose)
d:/mcuxpressoide_11.6.1_8255/ide/plugins/com.nxp.mcuxpresso.tools.win32_11.6.1.202207200623/tools/bin/../lib/gcc/arm-none-eabi/10.3.1/../../../../arm-none-eabi/lib/thumb/v6-m/nofp\libcr_c.a(fflush.o)
                              d:/mcuxpressoide_11.6.1_8255/ide/plugins/com.nxp.mcuxpresso.tools.win32_11.6.1.202207200623/tools/bin/../lib/gcc/arm-none-eabi/10.3.1/../../../../arm-none-eabi/lib/thumb/v6-m/nofp\libcr_c.a(fclose.o) (fflush)
[...]
Memory Configuration

Name             Origin             Length             Attributes
PROGRAM_FLASH    0x00000000         0x00040000         xr
SRAM             0x1fffe000         0x00008000         xrw
*default*        0x00000000         0xffffffff

Linker script and memory map

LOAD ./utilities/fsl_assert.o
LOAD ./utilities/fsl_debug_console.o
LOAD ./startup/startup_k32l2b31a.o
LOAD ./source/led_blinky.o
LOAD ./source/mtb.o
LOAD ./source/semihost_hardfault.o
LOAD ./drivers/fsl_clock.o
LOAD ./drivers/fsl_common.o
LOAD ./drivers/fsl_common_arm.o
LOAD ./drivers/fsl_gpio.o
LOAD ./drivers/fsl_lpuart.o
LOAD ./drivers/fsl_smc.o
LOAD ./drivers/fsl_uart.o
LOAD ./device/system_K32L2B31A.o
LOAD ./component/uart/fsl_adapter_lpuart.o
LOAD ./component/lists/fsl_component_generic_list.o
LOAD ./board/board.o
LOAD ./board/clock_config.o
LOAD ./board/pin_mux.o
START GROUP
LOAD d:/mcuxpressoide_11.6.1_8255/ide/plugins/com.nxp.mcuxpresso.tools.win32_11.6.1.202207200623/tools/bin/../lib/gcc/arm-none-eabi/10.3.1/../../../../arm-none-eabi/lib/thumb/v6-m/nofp\libcr_nohost_nf.a
LOAD d:/mcuxpressoide_11.6.1_8255/ide/plugins/com.nxp.mcuxpresso.tools.win32_11.6.1.202207200623/tools/bin/../lib/gcc/arm-none-eabi/10.3.1/../../../../arm-none-eabi/lib/thumb/v6-m/nofp\libcr_c.a
LOAD d:/mcuxpressoide_11.6.1_8255/ide/plugins/com.nxp.mcuxpresso.tools.win32_11.6.1.202207200623/tools/bin/../lib/gcc/arm-none-eabi/10.3.1/thumb/v6-m/nofp\libcr_eabihelpers.a
LOAD d:/mcuxpressoide_11.6.1_8255/ide/plugins/com.nxp.mcuxpresso.tools.win32_11.6.1.202207200623/tools/bin/../lib/gcc/arm-none-eabi/10.3.1/thumb/v6-m/nofp\libgcc.a
END GROUP
                0x00000000                __base_PROGRAM_FLASH = 0x0
                0x00000000                __base_Flash = 0x0
                0x00040000                __top_PROGRAM_FLASH = 0x40000
                0x00040000                __top_Flash = 0x40000
                0x1fffe000                __base_SRAM = 0x1fffe000
                0x1fffe000                __base_RAM = 0x1fffe000
                0x20006000                __top_SRAM = 0x20006000
                0x20006000                __top_RAM = 0x20006000

.text           0x00000000     0x26dc
 FILL mask 0xff
                0x00000000                __vectors_start__ = ABSOLUTE (.)
 *(SORT_BY_ALIGNMENT(.isr_vector))
 .isr_vector    0x00000000       0xc0 ./startup/startup_k32l2b31a.o
                0x00000000                g_pfnVectors
                0x00000000                __Vectors
                0x000000c0                . = ALIGN (0x4)
                0x000000c0                __section_table_start = .
                0x000000c0                __data_section_table = .
                0x000000c0        0x4 LONG 0x26dc LOADADDR (.data)
                0x000000c4        0x4 LONG 0x1fffe080 ADDR (.data)
                0x000000c8        0x4 LONG 0x4 SIZEOF (.data)
                0x000000cc                __data_section_table_end = .
                0x000000cc                __bss_section_table = .
                0x000000cc        0x4 LONG 0x1fffe084 ADDR (.bss)
                0x000000d0        0x4 LONG 0xe4 SIZEOF (.bss)
                0x000000d4                __bss_section_table_end = .
                0x000000d4                __section_table_end = .
 *(SORT_BY_ALIGNMENT(.after_vectors*))
 .after_vectors.reset
                0x000000d4       0x4c ./startup/startup_k32l2b31a.o
                0x000000d4                ResetISR
 .after_vectors.init_data
                0x00000120       0x12 ./startup/startup_k32l2b31a.o
                0x00000120                data_init
 .after_vectors.init_bss
                0x00000132       0x10 ./startup/startup_k32l2b31a.o
                0x00000132                bss_init
 .after_vectors
                0x00000142      0x10c ./startup/startup_k32l2b31a.o
                0x00000142                NMI_Handler
                0x00000146                SVC_Handler
                0x00000148                PendSV_Handler
                0x0000014c                DMA0_DriverIRQHandler
                0x0000014c                PIT_DriverIRQHandler
                0x0000014c                SPI1_DriverIRQHandler
                0x0000014c                LPTMR0_DriverIRQHandler
                0x0000014c                PORTC_PORTD_DriverIRQHandler
                0x0000014c                I2C0_DriverIRQHandler
                0x0000014c                Reserved39_DriverIRQHandler
                0x0000014c                Reserved42_DriverIRQHandler
                0x0000014c                Reserved43_DriverIRQHandler
                0x0000014c                DMA2_DriverIRQHandler
                0x0000014c                CMP0_DriverIRQHandler
                0x0000014c                TPM2_DriverIRQHandler
                0x0000014c                ADC0_DriverIRQHandler
                0x0000014c                SPI0_DriverIRQHandler
                0x0000014c                RTC_Seconds_DriverIRQHandler
                0x0000014c                LLWU_DriverIRQHandler
                0x0000014c                I2C1_DriverIRQHandler
                0x0000014c                DMA1_DriverIRQHandler
                0x0000014c                PMC_DriverIRQHandler
                0x0000014c                LCD_DriverIRQHandler
                0x0000014c                FTFA_DriverIRQHandler
                0x0000014c                IntDefaultHandler
                0x0000014c                USB0_DriverIRQHandler
                0x0000014c                DAC0_DriverIRQHandler
                0x0000014c                TPM0_DriverIRQHandler
                0x0000014c                RTC_DriverIRQHandler
                0x0000014c                TPM1_DriverIRQHandler
                0x0000014c                PORTA_DriverIRQHandler
                0x0000014c                UART2_FLEXIO_DriverIRQHandler
                0x0000014c                Reserved20_DriverIRQHandler
                0x0000014c                DMA3_DriverIRQHandler
                0x0000014e                DMA0_IRQHandler
                0x00000156                DMA1_IRQHandler
                0x0000015e                DMA2_IRQHandler
                0x00000166                DMA3_IRQHandler
                0x0000016e                Reserved20_IRQHandler
                0x00000176                FTFA_IRQHandler
                0x0000017e                PMC_IRQHandler
                0x00000186                LLWU_IRQHandler
                0x0000018e                I2C0_IRQHandler
                0x00000196                I2C1_IRQHandler
                0x0000019e                SPI0_IRQHandler
                0x000001a6                SPI1_IRQHandler
                0x000001ae                LPUART0_IRQHandler
                0x000001b6                LPUART1_IRQHandler
                0x000001be                UART2_FLEXIO_IRQHandler
                0x000001c6                ADC0_IRQHandler
                0x000001ce                CMP0_IRQHandler
                0x000001d6                TPM0_IRQHandler
                0x000001de                TPM1_IRQHandler
                0x000001e6                TPM2_IRQHandler
                0x000001ee                RTC_IRQHandler
                0x000001f6                RTC_Seconds_IRQHandler
                0x000001fe                PIT_IRQHandler
                0x00000206                Reserved39_IRQHandler
                0x0000020e                USB0_IRQHandler
                0x00000216                DAC0_IRQHandler
                0x0000021e                Reserved42_IRQHandler
                0x00000226                Reserved43_IRQHandler
                0x0000022e                LPTMR0_IRQHandler
                0x00000236                LCD_IRQHandler
                0x0000023e                PORTA_IRQHandler
                0x00000246                PORTC_PORTD_IRQHandler
                0x00000400                . = 0x400
 *fill*         0x0000024e      0x1b2 ff
                0x00000400                PROVIDE (__FLASH_CONFIG_START__ = .)
 *(SORT_BY_ALIGNMENT(.FlashConfig))
 .FlashConfig   0x00000400       0x10 ./startup/startup_k32l2b31a.o
                0x00000400                Flash_Config
                0x00000410                PROVIDE (__FLASH_CONFIG_END__ = .)
                0x00000001                ASSERT (! ((__FLASH_CONFIG_START__ == __FLASH_CONFIG_END__)), Linker Flash Config Support Enabled, but no .FlashConfig section provided within application)
 *(SORT_BY_ALIGNMENT(.text*))
 .text.__assertion_failed
                0x00000410       0x1c ./utilities/fsl_assert.o
                0x00000410                __assertion_failed
 .text.DbgConsole_Init
                0x0000042c       0x9c ./utilities/fsl_debug_console.o
                0x0000042c                DbgConsole_Init
 .text.DbgConsole_Vprintf
                0x000004c8       0x40 ./utilities/fsl_debug_console.o
                0x000004c8                DbgConsole_Vprintf
 .text.DbgConsole_Putchar
                0x00000508       0x30 ./utilities/fsl_debug_console.o
                0x00000508                DbgConsole_Putchar
 .text.__NVIC_SetPriority
                0x00000538       0xdc ./source/led_blinky.o
 .text.SysTick_Config
                0x00000614       0x48 ./source/led_blinky.o
 .text.SysTick_Handler
                0x0000065c       0x20 ./source/led_blinky.o
                0x0000065c                SysTick_Handler
 .text.SysTick_DelayTicks
                0x0000067c       0x28 ./source/led_blinky.o
                0x0000067c                SysTick_DelayTicks
 .text.main     0x000006a4       0x98 ./source/led_blinky.o
                0x000006a4                main
 .text.HardFault_Handler
                0x0000073c       0x30 ./source/semihost_hardfault.o
                0x0000073c                HardFault_Handler
 .text.CLOCK_SetEr32kClock
                0x0000076c       0x34 ./drivers/fsl_clock.o
 .text.CLOCK_GetLircClkFreq
                0x000007a0       0x50 ./drivers/fsl_clock.o
 .text.CLOCK_GetOsc0ErClkFreq
                0x000007f0       0x44 ./drivers/fsl_clock.o
                0x000007f0                CLOCK_GetOsc0ErClkFreq
 .text.CLOCK_GetEr32kClkFreq
                0x00000834       0x78 ./drivers/fsl_clock.o
                0x00000834                CLOCK_GetEr32kClkFreq
 .text.CLOCK_GetFreq
                0x000008ac       0xc0 ./drivers/fsl_clock.o
                0x000008ac                CLOCK_GetFreq
 .text.CLOCK_SetSimConfig
                0x0000096c       0x2c ./drivers/fsl_clock.o
                0x0000096c                CLOCK_SetSimConfig
 .text.CLOCK_GetInternalRefClkFreq
                0x00000998       0x48 ./drivers/fsl_clock.o
                0x00000998                CLOCK_GetInternalRefClkFreq
 .text.CLOCK_GetPeriphClkFreq
                0x000009e0       0x3c ./drivers/fsl_clock.o
                0x000009e0                CLOCK_GetPeriphClkFreq
 .text.CLOCK_GetOutClkFreq
                0x00000a1c       0x7c ./drivers/fsl_clock.o
                0x00000a1c                CLOCK_GetOutClkFreq
 .text.CLOCK_SetMcgliteConfig
                0x00000a98      0x110 ./drivers/fsl_clock.o
                0x00000a98                CLOCK_SetMcgliteConfig
 .text.GPIO_PinInit
                0x00000ba8       0x64 ./drivers/fsl_gpio.o
                0x00000ba8                GPIO_PinInit
 .text.CLOCK_EnableClock
                0x00000c0c       0x34 ./drivers/fsl_lpuart.o
 .text.LPUART_GetInstance
                0x00000c40       0x4c ./drivers/fsl_lpuart.o
                0x00000c40                LPUART_GetInstance
 .text.LPUART_Init
                0x00000c8c      0x2bc ./drivers/fsl_lpuart.o
                0x00000c8c                LPUART_Init
 .text.LPUART_GetDefaultConfig
                0x00000f48       0x68 ./drivers/fsl_lpuart.o
                0x00000f48                LPUART_GetDefaultConfig
 .text.LPUART_GetStatusFlags
                0x00000fb0       0x24 ./drivers/fsl_lpuart.o
                0x00000fb0                LPUART_GetStatusFlags
 .text.LPUART_ClearStatusFlags
                0x00000fd4       0x54 ./drivers/fsl_lpuart.o
                0x00000fd4                LPUART_ClearStatusFlags
 .text.LPUART_WriteBlocking
                0x00001028       0x6c ./drivers/fsl_lpuart.o
                0x00001028                LPUART_WriteBlocking
 .text.LPUART_ReadBlocking
                0x00001094      0x11c ./drivers/fsl_lpuart.o
                0x00001094                LPUART_ReadBlocking
 .text.LPUART0_DriverIRQHandler
                0x000011b0       0x24 ./drivers/fsl_lpuart.o
                0x000011b0                LPUART0_DriverIRQHandler
 .text.LPUART1_DriverIRQHandler
                0x000011d4       0x24 ./drivers/fsl_lpuart.o
                0x000011d4                LPUART1_DriverIRQHandler
 .text.SystemInit
                0x000011f8       0x40 ./device/system_K32L2B31A.o
                0x000011f8                SystemInit
 .text.HAL_UartGetStatus
                0x00001238       0x34 ./component/uart/fsl_adapter_lpuart.o
 .text.HAL_UartInitCommon
                0x0000126c       0xa0 ./component/uart/fsl_adapter_lpuart.o
 .text.HAL_UartInit
                0x0000130c       0x98 ./component/uart/fsl_adapter_lpuart.o
                0x0000130c                HAL_UartInit
 .text.HAL_UartReceiveBlocking
                0x000013a4       0x78 ./component/uart/fsl_adapter_lpuart.o
                0x000013a4                HAL_UartReceiveBlocking
 .text.HAL_UartSendBlocking
                0x0000141c       0x6c ./component/uart/fsl_adapter_lpuart.o
                0x0000141c                HAL_UartSendBlocking
 .text.__NVIC_DisableIRQ
                0x00001488       0x44 ./board/board.o
 .text.__NVIC_ClearPendingIRQ
                0x000014cc       0x38 ./board/board.o
 .text.CLOCK_SetLpuart0Clock
                0x00001504       0x38 ./board/board.o
 .text.CLOCK_SetSimSafeDivs
                0x0000153c       0x20 ./board/clock_config.o
 .text.BOARD_BootClockRUN
                0x0000155c       0x34 ./board/clock_config.o
                0x0000155c                BOARD_BootClockRUN
 .text.CLOCK_EnableClock
                0x00001590       0x34 ./board/pin_mux.o
 .text.PORT_SetPinMux
                0x000015c4       0x40 ./board/pin_mux.o
 .text.BOARD_InitPins
                0x00001604       0xc0 ./board/pin_mux.o
                0x00001604                BOARD_InitPins
 .text._initio  0x000016c4       0x7c d:/mcuxpressoide_11.6.1_8255/ide/plugins/com.nxp.mcuxpresso.tools.win32_11.6.1.202207200623/tools/bin/../lib/gcc/arm-none-eabi/10.3.1/../../../../arm-none-eabi/lib/thumb/v6-m/nofp\libcr_c.a(initio.o)
                0x000016c4                _initio
 .text.setvbuf  0x00001740       0x4c d:/mcuxpressoide_11.6.1_8255/ide/plugins/com.nxp.mcuxpresso.tools.win32_11.6.1.202207200623/tools/bin/../lib/gcc/arm-none-eabi/10.3.1/../../../../arm-none-eabi/lib/thumb/v6-m/nofp\libcr_c.a(setvbuf.o)
                0x00001740                setvbuf
 .text.strlen   0x0000178c       0x58 d:/mcuxpressoide_11.6.1_8255/ide/plugins/com.nxp.mcuxpresso.tools.win32_11.6.1.202207200623/tools/bin/../lib/gcc/arm-none-eabi/10.3.1/../../../../arm-none-eabi/lib/thumb/v6-m/nofp\libcr_c.a(strlen.o)
                0x0000178c                strlen
 .text._fdopen  0x000017e4       0x74 d:/mcuxpressoide_11.6.1_8255/ide/plugins/com.nxp.mcuxpresso.tools.win32_11.6.1.202207200623/tools/bin/../lib/gcc/arm-none-eabi/10.3.1/../../../../arm-none-eabi/lib/thumb/v6-m/nofp\libcr_c.a(_fdopen.o)
                0x000017e4                _fdopen
 .text.fclose   0x00001858       0x5c d:/mcuxpressoide_11.6.1_8255/ide/plugins/com.nxp.mcuxpresso.tools.win32_11.6.1.202207200623/tools/bin/../lib/gcc/arm-none-eabi/10.3.1/../../../../arm-none-eabi/lib/thumb/v6-m/nofp\libcr_c.a(fclose.o)
                0x00001858                fclose
 .text.fflush   0x000018b4       0x44 d:/mcuxpressoide_11.6.1_8255/ide/plugins/com.nxp.mcuxpresso.tools.win32_11.6.1.202207200623/tools/bin/../lib/gcc/arm-none-eabi/10.3.1/../../../../arm-none-eabi/lib/thumb/v6-m/nofp\libcr_c.a(fflush.o)
                0x000018b4                fflush
 .text.fseek    0x000018f8       0xf0 d:/mcuxpressoide_11.6.1_8255/ide/plugins/com.nxp.mcuxpresso.tools.win32_11.6.1.202207200623/tools/bin/../lib/gcc/arm-none-eabi/10.3.1/../../../../arm-none-eabi/lib/thumb/v6-m/nofp\libcr_c.a(fseek.o)
                0x000018f8                fseek
 .text.ftell    0x000019e8       0x48 d:/mcuxpressoide_11.6.1_8255/ide/plugins/com.nxp.mcuxpresso.tools.win32_11.6.1.202207200623/tools/bin/../lib/gcc/arm-none-eabi/10.3.1/../../../../arm-none-eabi/lib/thumb/v6-m/nofp\libcr_c.a(ftell.o)
                0x000019e8                ftell
 .text._do_fflush
                0x00001a30       0x48 d:/mcuxpressoide_11.6.1_8255/ide/plugins/com.nxp.mcuxpresso.tools.win32_11.6.1.202207200623/tools/bin/../lib/gcc/arm-none-eabi/10.3.1/../../../../arm-none-eabi/lib/thumb/v6-m/nofp\libcr_c.a(_do_fflush.o)
                0x00001a30                _do_fflush
 .text._fflush  0x00001a78       0x60 d:/mcuxpressoide_11.6.1_8255/ide/plugins/com.nxp.mcuxpresso.tools.win32_11.6.1.202207200623/tools/bin/../lib/gcc/arm-none-eabi/10.3.1/../../../../arm-none-eabi/lib/thumb/v6-m/nofp\libcr_c.a(_fflush.o)
                0x00001a78                _fflush
 .text._Cwritebuf
                0x00001ad8       0x68 d:/mcuxpressoide_11.6.1_8255/ide/plugins/com.nxp.mcuxpresso.tools.win32_11.6.1.202207200623/tools/bin/../lib/gcc/arm-none-eabi/10.3.1/../../../../arm-none-eabi/lib/thumb/v6-m/nofp\libcr_c.a(_writebuf.o)
                0x00001ad8                _Cwritebuf
 .text._deferredlazyseek
                0x00001b40       0x40 d:/mcuxpressoide_11.6.1_8255/ide/plugins/com.nxp.mcuxpresso.tools.win32_11.6.1.202207200623/tools/bin/../lib/gcc/arm-none-eabi/10.3.1/../../../../arm-none-eabi/lib/thumb/v6-m/nofp\libcr_c.a(_deferredlazyseek.o)
                0x00001b40                _deferredlazyseek
 .text.DbgConsole_Printf
                0x00001b80       0x32 ./utilities/fsl_debug_console.o
                0x00001b80                DbgConsole_Printf
 .text.DbgConsole_PrintfPaddingCharacter
                0x00001bb2       0x48 ./utilities/fsl_debug_console.o
 .text.DbgConsole_ConvertRadixNumToString
                0x00001bfa       0xc2 ./utilities/fsl_debug_console.o
 .text.DbgConsole_PrintfFormattedData
                0x00001cbc      0x3da ./utilities/fsl_debug_console.o
 .text.GPIO_PortToggle
                0x00002096       0x18 ./source/led_blinky.o
 .text.GPIO_PinWrite
                0x000020ae       0x34 ./drivers/fsl_gpio.o
 .text.BOARD_InitDebugConsole
                0x000020e2       0x2c ./board/board.o
                0x000020e2                BOARD_InitDebugConsole
 .text.SystemInitHook
                0x0000210e       0x22 ./board/board.o
                0x0000210e                SystemInitHook
 .text.BOARD_InitBootClocks
                0x00002130        0xe ./board/clock_config.o
                0x00002130                BOARD_InitBootClocks
 .text.BOARD_InitBootPins
                0x0000213e        0xe ./board/pin_mux.o
                0x0000213e                BOARD_InitBootPins
 .text.__main   0x0000214c        0xc d:/mcuxpressoide_11.6.1_8255/ide/plugins/com.nxp.mcuxpresso.tools.win32_11.6.1.202207200623/tools/bin/../lib/gcc/arm-none-eabi/10.3.1/../../../../arm-none-eabi/lib/thumb/v6-m/nofp\libcr_nohost_nf.a(_cr__main.o)
                0x0000214c                __main
 .text.memcpy   0x00002158        0x8 d:/mcuxpressoide_11.6.1_8255/ide/plugins/com.nxp.mcuxpresso.tools.win32_11.6.1.202207200623/tools/bin/../lib/gcc/arm-none-eabi/10.3.1/../../../../arm-none-eabi/lib/thumb/v6-m/nofp\libcr_c.a(memcpy.o)
                0x00002158                memcpy
 .text.memset   0x00002160        0x8 d:/mcuxpressoide_11.6.1_8255/ide/plugins/com.nxp.mcuxpresso.tools.win32_11.6.1.202207200623/tools/bin/../lib/gcc/arm-none-eabi/10.3.1/../../../../arm-none-eabi/lib/thumb/v6-m/nofp\libcr_c.a(memset.o)
                0x00002160                memset
 .text.free     0x00002168       0x2c d:/mcuxpressoide_11.6.1_8255/ide/plugins/com.nxp.mcuxpresso.tools.win32_11.6.1.202207200623/tools/bin/../lib/gcc/arm-none-eabi/10.3.1/../../../../arm-none-eabi/lib/thumb/v6-m/nofp\libcr_c.a(alloc.o)
                0x00002168                free
 .text.remove   0x00002194       0x12 d:/mcuxpressoide_11.6.1_8255/ide/plugins/com.nxp.mcuxpresso.tools.win32_11.6.1.202207200623/tools/bin/../lib/gcc/arm-none-eabi/10.3.1/../../../../arm-none-eabi/lib/thumb/v6-m/nofp\libcr_c.a(remove.o)
                0x00002194                remove
 .text.__aeabi_division_idivmod
                0x000021a6       0x78 d:/mcuxpressoide_11.6.1_8255/ide/plugins/com.nxp.mcuxpresso.tools.win32_11.6.1.202207200623/tools/bin/../lib/gcc/arm-none-eabi/10.3.1/thumb/v6-m/nofp\libcr_eabihelpers.a(division_32.o)
                0x000021a6                __aeabi_idivmod
                0x000021a6                __aeabi_idiv
                0x000021ac                __aeabi_uidivmod
                0x000021ac                __aeabi_uidiv
 .text.__aeabi_division_idiv0
                0x0000221e        0x2 d:/mcuxpressoide_11.6.1_8255/ide/plugins/com.nxp.mcuxpresso.tools.win32_11.6.1.202207200623/tools/bin/../lib/gcc/arm-none-eabi/10.3.1/thumb/v6-m/nofp\libcr_eabihelpers.a(division_idiv0.o)
                0x0000221e                __aeabi_idiv0
 .text.__aeabi_memcpy
                0x00002220       0x2c d:/mcuxpressoide_11.6.1_8255/ide/plugins/com.nxp.mcuxpresso.tools.win32_11.6.1.202207200623/tools/bin/../lib/gcc/arm-none-eabi/10.3.1/thumb/v6-m/nofp\libcr_eabihelpers.a(memcpy.o)
                0x00002220                __aeabi_memcpy4
                0x00002220                __aeabi_memcpy8
                0x00002220                __aeabi_memcpy
 .text.__aeabi_memset_lowlevel
                0x0000224c       0x2a d:/mcuxpressoide_11.6.1_8255/ide/plugins/com.nxp.mcuxpresso.tools.win32_11.6.1.202207200623/tools/bin/../lib/gcc/arm-none-eabi/10.3.1/thumb/v6-m/nofp\libcr_eabihelpers.a(memcpy.o)
                0x0000224c                __aeabi_lowlevel_memset
 .text.__sys_close
                0x00002276        0x6 d:/mcuxpressoide_11.6.1_8255/ide/plugins/com.nxp.mcuxpresso.tools.win32_11.6.1.202207200623/tools/bin/../lib/gcc/arm-none-eabi/10.3.1/../../../../arm-none-eabi/lib/thumb/v6-m/nofp\libcr_nohost_nf.a(__sys_close.o)
                0x00002276                __sys_close
 .text.__sys_flen
                0x0000227c        0x6 d:/mcuxpressoide_11.6.1_8255/ide/plugins/com.nxp.mcuxpresso.tools.win32_11.6.1.202207200623/tools/bin/../lib/gcc/arm-none-eabi/10.3.1/../../../../arm-none-eabi/lib/thumb/v6-m/nofp\libcr_nohost_nf.a(__sys_flen.o)
                0x0000227c                __sys_flen
 .text.__sys_istty
                0x00002282        0x6 d:/mcuxpressoide_11.6.1_8255/ide/plugins/com.nxp.mcuxpresso.tools.win32_11.6.1.202207200623/tools/bin/../lib/gcc/arm-none-eabi/10.3.1/../../../../arm-none-eabi/lib/thumb/v6-m/nofp\libcr_nohost_nf.a(__sys_istty.o)
                0x00002282                __sys_istty
 .text.__sys_remove
                0x00002288        0x6 d:/mcuxpressoide_11.6.1_8255/ide/plugins/com.nxp.mcuxpresso.tools.win32_11.6.1.202207200623/tools/bin/../lib/gcc/arm-none-eabi/10.3.1/../../../../arm-none-eabi/lib/thumb/v6-m/nofp\libcr_nohost_nf.a(__sys_remove.o)
                0x00002288                __sys_remove
 .text.__sys_seek
                0x0000228e        0x6 d:/mcuxpressoide_11.6.1_8255/ide/plugins/com.nxp.mcuxpresso.tools.win32_11.6.1.202207200623/tools/bin/../lib/gcc/arm-none-eabi/10.3.1/../../../../arm-none-eabi/lib/thumb/v6-m/nofp\libcr_nohost_nf.a(__sys_seek.o)
                0x0000228e                __sys_seek
 .text.__sys_tmpnam
                0x00002294        0x6 d:/mcuxpressoide_11.6.1_8255/ide/plugins/com.nxp.mcuxpresso.tools.win32_11.6.1.202207200623/tools/bin/../lib/gcc/arm-none-eabi/10.3.1/../../../../arm-none-eabi/lib/thumb/v6-m/nofp\libcr_nohost_nf.a(__sys_tmpnam.o)
                0x00002294                __sys_tmpnam
 .text.__sys_write
                0x0000229a        0x4 d:/mcuxpressoide_11.6.1_8255/ide/plugins/com.nxp.mcuxpresso.tools.win32_11.6.1.202207200623/tools/bin/../lib/gcc/arm-none-eabi/10.3.1/../../../../arm-none-eabi/lib/thumb/v6-m/nofp\libcr_nohost_nf.a(__sys_write.o)
                0x0000229a                __sys_write
 *(SORT_BY_ALIGNMENT(.rodata) SORT_BY_ALIGNMENT(.rodata.*) SORT_BY_ALIGNMENT(.constdata) SORT_BY_ALIGNMENT(.constdata.*))
 *fill*         0x0000229e        0x2 ff
 .rodata.__assertion_failed.str1.4
                0x000022a0       0x14 ./utilities/fsl_assert.o
 .rodata.main.str1.4
                0x000022b4        0xf ./source/led_blinky.o
 *fill*         0x000022c3        0x1 ff
 .rodata.CLOCK_GetOsc0ErClkFreq.str1.4
                0x000022c4       0x1e ./drivers/fsl_clock.o
 *fill*         0x000022e2        0x2 ff
 .rodata.CLOCK_GetEr32kClkFreq.str1.4
                0x000022e4       0x1f ./drivers/fsl_clock.o
 *fill*         0x00002303        0x1 ff
 .rodata.CLOCK_GetFreq
                0x00002304       0x50 ./drivers/fsl_clock.o
 .rodata.CLOCK_GetOutClkFreq.str1.4
                0x00002354       0x1e ./drivers/fsl_clock.o
 *fill*         0x00002372        0x2 ff
 .rodata.CLOCK_SetMcgliteConfig.str1.4
                0x00002374       0x1f ./drivers/fsl_clock.o
 *fill*         0x00002393        0x1 ff
 .rodata.lircFreqs.0
                0x00002394        0x8 ./drivers/fsl_clock.o
 .rodata.GPIO_PinInit.str1.4
                0x0000239c       0x20 ./drivers/fsl_gpio.o
 .rodata.s_lpuartBases
                0x000023bc        0x8 ./drivers/fsl_lpuart.o
 .rodata.s_lpuartClock
                0x000023c4        0x8 ./drivers/fsl_lpuart.o
 .rodata.LPUART_GetInstance.str1.4
                0x000023cc       0x38 ./drivers/fsl_lpuart.o
 .rodata.LPUART_Init.str1.4
                0x00002404       0x51 ./drivers/fsl_lpuart.o
 *fill*         0x00002455        0x3 ff
 .rodata.LPUART_GetDefaultConfig.str1.4
                0x00002458       0x22 ./drivers/fsl_lpuart.o
 *fill*         0x0000247a        0x2 ff
 .rodata.LPUART_WriteBlocking.str1.4
                0x0000247c       0x20 ./drivers/fsl_lpuart.o
 .rodata.LPUART_ReadBlocking.str1.4
                0x0000249c       0x20 ./drivers/fsl_lpuart.o
 .rodata.s_LpuartAdapterBase
                0x000024bc        0x8 ./component/uart/fsl_adapter_lpuart.o
 .rodata.HAL_UartInit.str1.4
                0x000024c4      0x105 ./component/uart/fsl_adapter_lpuart.o
 *fill*         0x000025c9        0x3 ff
 .rodata.HAL_UartReceiveBlocking.str1.4
                0x000025cc       0x7b ./component/uart/fsl_adapter_lpuart.o
 *fill*         0x00002647        0x1 ff
 .rodata.HAL_UartSendBlocking.str1.4
                0x00002648       0x7b ./component/uart/fsl_adapter_lpuart.o
 *fill*         0x000026c3        0x1 ff
 .rodata.mcgliteConfig_BOARD_BootClockRUN
                0x000026c4        0x6 ./board/clock_config.o
                0x000026c4                mcgliteConfig_BOARD_BootClockRUN
 *fill*         0x000026ca        0x2 ff
 .rodata.simConfig_BOARD_BootClockRUN
                0x000026cc        0x8 ./board/clock_config.o
                0x000026cc                simConfig_BOARD_BootClockRUN
 .rodata.__num_Ciob_streams
                0x000026d4        0x4 d:/mcuxpressoide_11.6.1_8255/ide/plugins/com.nxp.mcuxpresso.tools.win32_11.6.1.202207200623/tools/bin/../lib/gcc/arm-none-eabi/10.3.1/../../../../arm-none-eabi/lib/thumb/v6-m/nofp\libcr_nohost_nf.a(__ciob.o)
                0x000026d4                __num_Ciob_streams
 .rodata._initio.str1.1
                0x000026d8        0x4 d:/mcuxpressoide_11.6.1_8255/ide/plugins/com.nxp.mcuxpresso.tools.win32_11.6.1.202207200623/tools/bin/../lib/gcc/arm-none-eabi/10.3.1/../../../../arm-none-eabi/lib/thumb/v6-m/nofp\libcr_c.a(initio.o)
                0x000026dc                . = ALIGN (0x4)
                0x000026dc                _etext = .

.glue_7         0x000026dc        0x0
 .glue_7        0x000026dc        0x0 linker stubs

.glue_7t        0x000026dc        0x0
 .glue_7t       0x000026dc        0x0 linker stubs

.vfp11_veneer   0x000026dc        0x0
 .vfp11_veneer  0x000026dc        0x0 linker stubs

.v4_bx          0x000026dc        0x0
 .v4_bx         0x000026dc        0x0 linker stubs

.iplt           0x000026dc        0x0
 .iplt          0x000026dc        0x0 ./utilities/fsl_assert.o

.rel.dyn        0x000026dc        0x0
 .rel.iplt      0x000026dc        0x0 ./utilities/fsl_assert.o

.m_usb_data
 *(SORT_BY_ALIGNMENT(m_usb_bdt))

.mtb_buffer_default
                0x1fffe000       0x80
 *(SORT_BY_ALIGNMENT(.mtb*))
 .mtb.$RAM1     0x1fffe000       0x80 ./source/mtb.o
                0x1fffe000                __mtb_buffer__

.uninit_RESERVED
                0x1fffe080        0x0
                0x1fffe080                _start_uninit_RESERVED = .
 *(SORT_BY_ALIGNMENT(.bss.$RESERVED*))
                0x1fffe080                . = ALIGN (0x4)
                0x1fffe080                _end_uninit_RESERVED = .

.data           0x1fffe080        0x4 load address 0x000026dc
 FILL mask 0xff
                0x1fffe080                _data = .
                [!provide]                PROVIDE (__start_data_RAM = .)
                [!provide]                PROVIDE (__start_data_SRAM = .)
 *(SORT_BY_ALIGNMENT(vtable))
 *(SORT_BY_ALIGNMENT(.ramfunc*))
 *(SORT_BY_ALIGNMENT(CodeQuickAccess))
 *(SORT_BY_ALIGNMENT(DataQuickAccess))
 *(SORT_BY_ALIGNMENT(RamFunction))
 *(SORT_BY_ALIGNMENT(.data*))
 .data.SystemCoreClock
                0x1fffe080        0x4 ./device/system_K32L2B31A.o
                0x1fffe080                SystemCoreClock
                0x1fffe084                . = ALIGN (0x4)
                0x1fffe084                _edata = .
                [!provide]                PROVIDE (__end_data_RAM = .)
                [!provide]                PROVIDE (__end_data_SRAM = .)

.igot.plt       0x1fffe084        0x0 load address 0x000026e0
 .igot.plt      0x1fffe084        0x0 ./utilities/fsl_assert.o

.bss            0x1fffe084       0xe4
                0x1fffe084                _bss = .
                [!provide]                PROVIDE (__start_bss_RAM = .)
                [!provide]                PROVIDE (__start_bss_SRAM = .)
 *(SORT_BY_ALIGNMENT(.bss*))
 .bss.s_debugConsole
                0x1fffe084       0x14 ./utilities/fsl_debug_console.o
 .bss.g_systickCounter
                0x1fffe098        0x4 ./source/led_blinky.o
                0x1fffe098                g_systickCounter
 .bss.g_xtal0Freq
                0x1fffe09c        0x4 ./drivers/fsl_clock.o
                0x1fffe09c                g_xtal0Freq
 .bss.g_xtal32Freq
                0x1fffe0a0        0x4 ./drivers/fsl_clock.o
                0x1fffe0a0                g_xtal32Freq
 .bss.s_lpuartHandle
                0x1fffe0a4        0x8 ./drivers/fsl_lpuart.o
                0x1fffe0a4                s_lpuartHandle
 .bss.s_lpuartIsr
                0x1fffe0ac        0x4 ./drivers/fsl_lpuart.o
                0x1fffe0ac                s_lpuartIsr
 .bss.errno     0x1fffe0b0        0x4 d:/mcuxpressoide_11.6.1_8255/ide/plugins/com.nxp.mcuxpresso.tools.win32_11.6.1.202207200623/tools/bin/../lib/gcc/arm-none-eabi/10.3.1/../../../../arm-none-eabi/lib/thumb/v6-m/nofp\libcr_c.a(errno.o)
                0x1fffe0b0                errno
 .bss.__Ciob    0x1fffe0b4       0xb4 d:/mcuxpressoide_11.6.1_8255/ide/plugins/com.nxp.mcuxpresso.tools.win32_11.6.1.202207200623/tools/bin/../lib/gcc/arm-none-eabi/10.3.1/../../../../arm-none-eabi/lib/thumb/v6-m/nofp\libcr_nohost_nf.a(__ciob.o)
                0x1fffe0b4                __Ciob
 *(SORT_BY_ALIGNMENT(COMMON))
                0x1fffe168                . = ALIGN (0x4)
                0x1fffe168                _ebss = .
                [!provide]                PROVIDE (__end_bss_RAM = .)
                [!provide]                PROVIDE (__end_bss_SRAM = .)
                [!provide]                PROVIDE (end = .)

.noinit         0x1fffe168        0x0
                0x1fffe168                _noinit = .
                [!provide]                PROVIDE (__start_noinit_RAM = .)
                [!provide]                PROVIDE (__start_noinit_SRAM = .)
 *(SORT_BY_ALIGNMENT(.noinit*))
                0x1fffe168                . = ALIGN (0x4)
                0x1fffe168                _end_noinit = .
                [!provide]                PROVIDE (__end_noinit_RAM = .)
                [!provide]                PROVIDE (__end_noinit_SRAM = .)

.ARM.extab
 *(SORT_BY_ALIGNMENT(.ARM.extab*) SORT_BY_ALIGNMENT(.gnu.linkonce.armextab.*))

.ARM.exidx      0x000026e0        0x0
                0x000026e0                __exidx_start = .
 *(SORT_BY_ALIGNMENT(.ARM.exidx*) SORT_BY_ALIGNMENT(.gnu.linkonce.armexidx.*))
                0x000026e0                __exidx_end = .
                0x00000800                _HeapSize = 0x800

.heap           0x1fffe168      0x800
                0x1fffe168                _pvHeapStart = .
                0x1fffe968                . = (. + _HeapSize)
 *fill*         0x1fffe168      0x800 
                0x1fffe968                . = ALIGN (0x4)
                0x1fffe968                _pvHeapLimit = .
                0x00000800                _StackSize = 0x800

.heap2stackfill
                0x1fffe968      0x800
                0x1ffff168                . = (. + _StackSize)
 *fill*         0x1fffe968      0x800 

.stack          0x20005800        0x0
                0x20005800                _vStackBase = .
                0x20005800                . = ALIGN (0x4)
                0x20006000                _vStackTop = (. + _StackSize)
                0x00000000                _image_start = LOADADDR (.text)
                0x000026e0                _image_end = (LOADADDR (.data) + SIZEOF (.data))
                0x000026e0                _image_size = (_image_end - _image_start)
OUTPUT(frdmk32l2b_led_blinky.axf elf32-littlearm)
LOAD linker stubs

.debug_info     0x00000000     0x759b
 .debug_info    0x00000000       0xaa ./utilities/fsl_assert.o
 .debug_info    0x000000aa      0xceb ./utilities/fsl_debug_console.o
 .debug_info    0x00000d95      0x4e4 ./startup/startup_k32l2b31a.o
 .debug_info    0x00001279      0x7cb ./source/led_blinky.o
 .debug_info    0x00001a44       0x53 ./source/mtb.o
 .debug_info    0x00001a97       0x3c ./source/semihost_hardfault.o
 .debug_info    0x00001ad3     0x130c ./drivers/fsl_clock.o
 .debug_info    0x00002ddf      0x88b ./drivers/fsl_gpio.o
 .debug_info    0x0000366a     0x1acc ./drivers/fsl_lpuart.o
 .debug_info    0x00005136      0x3fb ./device/system_K32L2B31A.o
 .debug_info    0x00005531      0x9d8 ./component/uart/fsl_adapter_lpuart.o
 .debug_info    0x00005f09      0x653 ./board/board.o
 .debug_info    0x0000655c      0x9e8 ./board/clock_config.o
 .debug_info    0x00006f44      0x657 ./board/pin_mux.o

.debug_abbrev   0x00000000     0x17bb
 .debug_abbrev  0x00000000       0x66 ./utilities/fsl_assert.o
 .debug_abbrev  0x00000066      0x24b ./utilities/fsl_debug_console.o
 .debug_abbrev  0x000002b1      0x1da ./startup/startup_k32l2b31a.o
 .debug_abbrev  0x0000048b      0x1e5 ./source/led_blinky.o
 .debug_abbrev  0x00000670       0x46 ./source/mtb.o
 .debug_abbrev  0x000006b6       0x31 ./source/semihost_hardfault.o
 .debug_abbrev  0x000006e7      0x2b0 ./drivers/fsl_clock.o
 .debug_abbrev  0x00000997      0x229 ./drivers/fsl_gpio.o
 .debug_abbrev  0x00000bc0      0x410 ./drivers/fsl_lpuart.o
 .debug_abbrev  0x00000fd0      0x148 ./device/system_K32L2B31A.o
 .debug_abbrev  0x00001118      0x1ad ./component/uart/fsl_adapter_lpuart.o
 .debug_abbrev  0x000012c5      0x182 ./board/board.o
 .debug_abbrev  0x00001447      0x19c ./board/clock_config.o
 .debug_abbrev  0x000015e3      0x1d8 ./board/pin_mux.o

.debug_aranges  0x00000000      0x638
 .debug_aranges
                0x00000000       0x20 ./utilities/fsl_assert.o
 .debug_aranges
                0x00000020       0x78 ./utilities/fsl_debug_console.o
 .debug_aranges
                0x00000098      0x160 ./startup/startup_k32l2b31a.o
 .debug_aranges
                0x000001f8       0x48 ./source/led_blinky.o
 .debug_aranges
                0x00000240       0x18 ./source/mtb.o
 .debug_aranges
                0x00000258       0x20 ./source/semihost_hardfault.o
 .debug_aranges
                0x00000278       0xd0 ./drivers/fsl_clock.o
 .debug_aranges
                0x00000348       0x68 ./drivers/fsl_gpio.o
 .debug_aranges
                0x000003b0      0x140 ./drivers/fsl_lpuart.o
 .debug_aranges
                0x000004f0       0x30 ./device/system_K32L2B31A.o
 .debug_aranges
                0x00000520       0x58 ./component/uart/fsl_adapter_lpuart.o
 .debug_aranges
                0x00000578       0x40 ./board/board.o
 .debug_aranges
                0x000005b8       0x48 ./board/clock_config.o
 .debug_aranges
                0x00000600       0x38 ./board/pin_mux.o

.debug_ranges   0x00000000      0x550
 .debug_ranges  0x00000000       0x10 ./utilities/fsl_assert.o
 .debug_ranges  0x00000010       0x68 ./utilities/fsl_debug_console.o
 .debug_ranges  0x00000078      0x150 ./startup/startup_k32l2b31a.o
 .debug_ranges  0x000001c8       0x38 ./source/led_blinky.o
 .debug_ranges  0x00000200       0x10 ./source/semihost_hardfault.o
 .debug_ranges  0x00000210       0xc0 ./drivers/fsl_clock.o
 .debug_ranges  0x000002d0       0x58 ./drivers/fsl_gpio.o
 .debug_ranges  0x00000328      0x130 ./drivers/fsl_lpuart.o
 .debug_ranges  0x00000458       0x20 ./device/system_K32L2B31A.o
 .debug_ranges  0x00000478       0x48 ./component/uart/fsl_adapter_lpuart.o
 .debug_ranges  0x000004c0       0x30 ./board/board.o
 .debug_ranges  0x000004f0       0x38 ./board/clock_config.o
 .debug_ranges  0x00000528       0x28 ./board/pin_mux.o

.debug_macro    0x00000000     0xc507
 .debug_macro   0x00000000      0x122 ./utilities/fsl_assert.o
 .debug_macro   0x00000122      0xa84 ./utilities/fsl_assert.o
 .debug_macro   0x00000ba6       0x10 ./utilities/fsl_assert.o
 .debug_macro   0x00000bb6       0x1c ./utilities/fsl_assert.o
 .debug_macro   0x00000bd2       0x22 ./utilities/fsl_assert.o
 .debug_macro   0x00000bf4      0x12e ./utilities/fsl_assert.o
 .debug_macro   0x00000d22      0x5b3 ./utilities/fsl_assert.o
 .debug_macro   0x000012d5       0x22 ./utilities/fsl_assert.o
 .debug_macro   0x000012f7       0x10 ./utilities/fsl_assert.o
 .debug_macro   0x00001307       0x3e ./utilities/fsl_assert.o
 .debug_macro   0x00001345       0x1c ./utilities/fsl_assert.o
 .debug_macro   0x00001361       0x22 ./utilities/fsl_assert.o
 .debug_macro   0x00001383       0xd1 ./utilities/fsl_assert.o
 .debug_macro   0x00001454      0x3ad ./utilities/fsl_assert.o
 .debug_macro   0x00001801       0x3a ./utilities/fsl_assert.o
 .debug_macro   0x0000183b     0x87b2 ./utilities/fsl_assert.o
 .debug_macro   0x00009fed     0x1169 ./utilities/fsl_assert.o
 .debug_macro   0x0000b156       0x7a ./utilities/fsl_assert.o
 .debug_macro   0x0000b1d0       0x96 ./utilities/fsl_assert.o
 .debug_macro   0x0000b266       0xfb ./utilities/fsl_assert.o
 .debug_macro   0x0000b361       0x1c ./utilities/fsl_assert.o
 .debug_macro   0x0000b37d       0x1c ./utilities/fsl_assert.o
 .debug_macro   0x0000b399       0x3a ./utilities/fsl_assert.o
 .debug_macro   0x0000b3d3      0x148 ./utilities/fsl_debug_console.o
 .debug_macro   0x0000b51b       0x16 ./utilities/fsl_debug_console.o
 .debug_macro   0x0000b531       0x10 ./utilities/fsl_debug_console.o
 .debug_macro   0x0000b541       0x28 ./utilities/fsl_debug_console.o
 .debug_macro   0x0000b569       0xc4 ./utilities/fsl_debug_console.o
 .debug_macro   0x0000b62d       0x16 ./utilities/fsl_debug_console.o
 .debug_macro   0x0000b643       0x16 ./utilities/fsl_debug_console.o
 .debug_macro   0x0000b659       0x46 ./utilities/fsl_debug_console.o
 .debug_macro   0x0000b69f       0x29 ./startup/startup_k32l2b31a.o
 .debug_macro   0x0000b6c8      0x170 ./source/led_blinky.o
 .debug_macro   0x0000b838       0x82 ./source/led_blinky.o
 .debug_macro   0x0000b8ba       0x16 ./source/led_blinky.o
 .debug_macro   0x0000b8d0       0x16 ./source/led_blinky.o
 .debug_macro   0x0000b8e6      0x1ae ./source/led_blinky.o
 .debug_macro   0x0000ba94       0x2f ./source/mtb.o
 .debug_macro   0x0000bac3       0x82 ./source/mtb.o
 .debug_macro   0x0000bb45       0x10 ./source/mtb.o
 .debug_macro   0x0000bb55       0x11 ./source/semihost_hardfault.o
 .debug_macro   0x0000bb66      0x14d ./drivers/fsl_clock.o
 .debug_macro   0x0000bcb3      0x120 ./drivers/fsl_gpio.o
 .debug_macro   0x0000bdd3       0x10 ./drivers/fsl_gpio.o
 .debug_macro   0x0000bde3      0x120 ./drivers/fsl_lpuart.o
 .debug_macro   0x0000bf03       0x10 ./drivers/fsl_lpuart.o
 .debug_macro   0x0000bf13       0x97 ./device/system_K32L2B31A.o
 .debug_macro   0x0000bfaa      0x139 ./component/uart/fsl_adapter_lpuart.o
 .debug_macro   0x0000c0e3       0x40 ./component/uart/fsl_adapter_lpuart.o
 .debug_macro   0x0000c123      0x158 ./board/board.o
 .debug_macro   0x0000c27b       0x10 ./board/board.o
 .debug_macro   0x0000c28b       0x16 ./board/board.o
 .debug_macro   0x0000c2a1      0x140 ./board/clock_config.o
 .debug_macro   0x0000c3e1      0x126 ./board/pin_mux.o

.debug_line     0x00000000     0x4c53
 .debug_line    0x00000000      0x3ba ./utilities/fsl_assert.o
 .debug_line    0x000003ba      0xc6b ./utilities/fsl_debug_console.o
 .debug_line    0x00001025      0x1ed ./startup/startup_k32l2b31a.o
 .debug_line    0x00001212      0x5e2 ./source/led_blinky.o
 .debug_line    0x000017f4       0xcd ./source/mtb.o
 .debug_line    0x000018c1       0x59 ./source/semihost_hardfault.o
 .debug_line    0x0000191a      0x892 ./drivers/fsl_clock.o
 .debug_line    0x000021ac      0x516 ./drivers/fsl_gpio.o
 .debug_line    0x000026c2      0xfd6 ./drivers/fsl_lpuart.o
 .debug_line    0x00003698      0x2f2 ./device/system_K32L2B31A.o
 .debug_line    0x0000398a      0x54a ./component/uart/fsl_adapter_lpuart.o
 .debug_line    0x00003ed4      0x4ee ./board/board.o
 .debug_line    0x000043c2      0x452 ./board/clock_config.o
 .debug_line    0x00004814      0x43f ./board/pin_mux.o

.debug_str      0x00000000    0x50af9
 .debug_str     0x00000000    0x4b3ee ./utilities/fsl_assert.o
                              0x4b5e3 (size before relaxing)
 .debug_str     0x0004b3ee     0x1723 ./utilities/fsl_debug_console.o
                              0x4cd6a (size before relaxing)
 .debug_str     0x0004cb11      0x3c9 ./startup/startup_k32l2b31a.o
                               0x30ef (size before relaxing)
 .debug_str     0x0004ceda     0x10bf ./source/led_blinky.o
                              0x4d048 (size before relaxing)
 .debug_str     0x0004df99      0x532 ./source/mtb.o
                               0x31fa (size before relaxing)
 .debug_str     0x0004e4cb       0x1f ./source/semihost_hardfault.o
                               0x2ce7 (size before relaxing)
 .debug_str     0x0004e4ea      0xe30 ./drivers/fsl_clock.o
                              0x4cc67 (size before relaxing)
 .debug_str     0x0004f31a      0x18f ./drivers/fsl_gpio.o
                              0x4bfdb (size before relaxing)
 .debug_str     0x0004f4a9      0xed2 ./drivers/fsl_lpuart.o
                              0x4d17e (size before relaxing)
 .debug_str     0x0005037b       0x7e ./device/system_K32L2B31A.o
                              0x4a21e (size before relaxing)
 .debug_str     0x000503f9      0x152 ./component/uart/fsl_adapter_lpuart.o
                              0x4c68b (size before relaxing)
 .debug_str     0x0005054b       0xc0 ./board/board.o
                              0x4c712 (size before relaxing)
 .debug_str     0x0005060b      0x389 ./board/clock_config.o
                              0x4c509 (size before relaxing)
 .debug_str     0x00050994      0x165 ./board/pin_mux.o
                              0x4bbe8 (size before relaxing)

.comment        0x00000000       0x49
 .comment       0x00000000       0x49 ./utilities/fsl_assert.o
                                 0x4a (size before relaxing)
 .comment       0x00000049       0x4a ./utilities/fsl_debug_console.o
 .comment       0x00000049       0x4a ./startup/startup_k32l2b31a.o
 .comment       0x00000049       0x4a ./source/led_blinky.o
 .comment       0x00000049       0x4a ./source/mtb.o
 .comment       0x00000049       0x4a ./source/semihost_hardfault.o
 .comment       0x00000049       0x4a ./drivers/fsl_clock.o
 .comment       0x00000049       0x4a ./drivers/fsl_gpio.o
 .comment       0x00000049       0x4a ./drivers/fsl_lpuart.o
 .comment       0x00000049       0x4a ./device/system_K32L2B31A.o
 .comment       0x00000049       0x4a ./component/uart/fsl_adapter_lpuart.o
 .comment       0x00000049       0x4a ./board/board.o
 .comment       0x00000049       0x4a ./board/clock_config.o
 .comment       0x00000049       0x4a ./board/pin_mux.o
 .comment       0x00000049       0x4a d:/mcuxpressoide_11.6.1_8255/ide/plugins/com.nxp.mcuxpresso.tools.win32_11.6.1.202207200623/tools/bin/../lib/gcc/arm-none-eabi/10.3.1/../../../../arm-none-eabi/lib/thumb/v6-m/nofp\libcr_nohost_nf.a(_cr__main.o)
 .comment       0x00000049       0x4a d:/mcuxpressoide_11.6.1_8255/ide/plugins/com.nxp.mcuxpresso.tools.win32_11.6.1.202207200623/tools/bin/../lib/gcc/arm-none-eabi/10.3.1/../../../../arm-none-eabi/lib/thumb/v6-m/nofp\libcr_c.a(memcpy.o)
 .comment       0x00000049       0x4a d:/mcuxpressoide_11.6.1_8255/ide/plugins/com.nxp.mcuxpresso.tools.win32_11.6.1.202207200623/tools/bin/../lib/gcc/arm-none-eabi/10.3.1/../../../../arm-none-eabi/lib/thumb/v6-m/nofp\libcr_c.a(memset.o)
 .comment       0x00000049       0x4a d:/mcuxpressoide_11.6.1_8255/ide/plugins/com.nxp.mcuxpresso.tools.win32_11.6.1.202207200623/tools/bin/../lib/gcc/arm-none-eabi/10.3.1/../../../../arm-none-eabi/lib/thumb/v6-m/nofp\libcr_c.a(alloc.o)
 .comment       0x00000049       0x4a d:/mcuxpressoide_11.6.1_8255/ide/plugins/com.nxp.mcuxpresso.tools.win32_11.6.1.202207200623/tools/bin/../lib/gcc/arm-none-eabi/10.3.1/../../../../arm-none-eabi/lib/thumb/v6-m/nofp\libcr_c.a(initio.o)
 .comment       0x00000049       0x4a d:/mcuxpressoide_11.6.1_8255/ide/plugins/com.nxp.mcuxpresso.tools.win32_11.6.1.202207200623/tools/bin/../lib/gcc/arm-none-eabi/10.3.1/../../../../arm-none-eabi/lib/thumb/v6-m/nofp\libcr_c.a(setvbuf.o)
 .comment       0x00000049       0x4a d:/mcuxpressoide_11.6.1_8255/ide/plugins/com.nxp.mcuxpresso.tools.win32_11.6.1.202207200623/tools/bin/../lib/gcc/arm-none-eabi/10.3.1/../../../../arm-none-eabi/lib/thumb/v6-m/nofp\libcr_c.a(strlen.o)
 .comment       0x00000049       0x4a d:/mcuxpressoide_11.6.1_8255/ide/plugins/com.nxp.mcuxpresso.tools.win32_11.6.1.202207200623/tools/bin/../lib/gcc/arm-none-eabi/10.3.1/../../../../arm-none-eabi/lib/thumb/v6-m/nofp\libcr_c.a(_fdopen.o)
 .comment       0x00000049       0x4a d:/mcuxpressoide_11.6.1_8255/ide/plugins/com.nxp.mcuxpresso.tools.win32_11.6.1.202207200623/tools/bin/../lib/gcc/arm-none-eabi/10.3.1/../../../../arm-none-eabi/lib/thumb/v6-m/nofp\libcr_c.a(errno.o)
 .comment       0x00000049       0x4a d:/mcuxpressoide_11.6.1_8255/ide/plugins/com.nxp.mcuxpresso.tools.win32_11.6.1.202207200623/tools/bin/../lib/gcc/arm-none-eabi/10.3.1/../../../../arm-none-eabi/lib/thumb/v6-m/nofp\libcr_c.a(fclose.o)
 .comment       0x00000049       0x4a d:/mcuxpressoide_11.6.1_8255/ide/plugins/com.nxp.mcuxpresso.tools.win32_11.6.1.202207200623/tools/bin/../lib/gcc/arm-none-eabi/10.3.1/../../../../arm-none-eabi/lib/thumb/v6-m/nofp\libcr_c.a(fflush.o)
 .comment       0x00000049       0x4a d:/mcuxpressoide_11.6.1_8255/ide/plugins/com.nxp.mcuxpresso.tools.win32_11.6.1.202207200623/tools/bin/../lib/gcc/arm-none-eabi/10.3.1/../../../../arm-none-eabi/lib/thumb/v6-m/nofp\libcr_c.a(fseek.o)
 .comment       0x00000049       0x4a d:/mcuxpressoide_11.6.1_8255/ide/plugins/com.nxp.mcuxpresso.tools.win32_11.6.1.202207200623/tools/bin/../lib/gcc/arm-none-eabi/10.3.1/../../../../arm-none-eabi/lib/thumb/v6-m/nofp\libcr_c.a(ftell.o)
 .comment       0x00000049       0x4a d:/mcuxpressoide_11.6.1_8255/ide/plugins/com.nxp.mcuxpresso.tools.win32_11.6.1.202207200623/tools/bin/../lib/gcc/arm-none-eabi/10.3.1/../../../../arm-none-eabi/lib/thumb/v6-m/nofp\libcr_c.a(remove.o)
 .comment       0x00000049       0x4a d:/mcuxpressoide_11.6.1_8255/ide/plugins/com.nxp.mcuxpresso.tools.win32_11.6.1.202207200623/tools/bin/../lib/gcc/arm-none-eabi/10.3.1/../../../../arm-none-eabi/lib/thumb/v6-m/nofp\libcr_c.a(_do_fflush.o)
 .comment       0x00000049       0x4a d:/mcuxpressoide_11.6.1_8255/ide/plugins/com.nxp.mcuxpresso.tools.win32_11.6.1.202207200623/tools/bin/../lib/gcc/arm-none-eabi/10.3.1/../../../../arm-none-eabi/lib/thumb/v6-m/nofp\libcr_c.a(_fflush.o)
 .comment       0x00000049       0x4a d:/mcuxpressoide_11.6.1_8255/ide/plugins/com.nxp.mcuxpresso.tools.win32_11.6.1.202207200623/tools/bin/../lib/gcc/arm-none-eabi/10.3.1/../../../../arm-none-eabi/lib/thumb/v6-m/nofp\libcr_c.a(_writebuf.o)
 .comment       0x00000049       0x4a d:/mcuxpressoide_11.6.1_8255/ide/plugins/com.nxp.mcuxpresso.tools.win32_11.6.1.202207200623/tools/bin/../lib/gcc/arm-none-eabi/10.3.1/../../../../arm-none-eabi/lib/thumb/v6-m/nofp\libcr_c.a(_deferredlazyseek.o)
 .comment       0x00000049       0x4a d:/mcuxpressoide_11.6.1_8255/ide/plugins/com.nxp.mcuxpresso.tools.win32_11.6.1.202207200623/tools/bin/../lib/gcc/arm-none-eabi/10.3.1/../../../../arm-none-eabi/lib/thumb/v6-m/nofp\libcr_nohost_nf.a(__ciob.o)
 .comment       0x00000049       0x4a d:/mcuxpressoide_11.6.1_8255/ide/plugins/com.nxp.mcuxpresso.tools.win32_11.6.1.202207200623/tools/bin/../lib/gcc/arm-none-eabi/10.3.1/../../../../arm-none-eabi/lib/thumb/v6-m/nofp\libcr_nohost_nf.a(__sys_close.o)
 .comment       0x00000049       0x4a d:/mcuxpressoide_11.6.1_8255/ide/plugins/com.nxp.mcuxpresso.tools.win32_11.6.1.202207200623/tools/bin/../lib/gcc/arm-none-eabi/10.3.1/../../../../arm-none-eabi/lib/thumb/v6-m/nofp\libcr_nohost_nf.a(__sys_flen.o)
 .comment       0x00000049       0x4a d:/mcuxpressoide_11.6.1_8255/ide/plugins/com.nxp.mcuxpresso.tools.win32_11.6.1.202207200623/tools/bin/../lib/gcc/arm-none-eabi/10.3.1/../../../../arm-none-eabi/lib/thumb/v6-m/nofp\libcr_nohost_nf.a(__sys_istty.o)
 .comment       0x00000049       0x4a d:/mcuxpressoide_11.6.1_8255/ide/plugins/com.nxp.mcuxpresso.tools.win32_11.6.1.202207200623/tools/bin/../lib/gcc/arm-none-eabi/10.3.1/../../../../arm-none-eabi/lib/thumb/v6-m/nofp\libcr_nohost_nf.a(__sys_remove.o)
 .comment       0x00000049       0x4a d:/mcuxpressoide_11.6.1_8255/ide/plugins/com.nxp.mcuxpresso.tools.win32_11.6.1.202207200623/tools/bin/../lib/gcc/arm-none-eabi/10.3.1/../../../../arm-none-eabi/lib/thumb/v6-m/nofp\libcr_nohost_nf.a(__sys_seek.o)
 .comment       0x00000049       0x4a d:/mcuxpressoide_11.6.1_8255/ide/plugins/com.nxp.mcuxpresso.tools.win32_11.6.1.202207200623/tools/bin/../lib/gcc/arm-none-eabi/10.3.1/../../../../arm-none-eabi/lib/thumb/v6-m/nofp\libcr_nohost_nf.a(__sys_tmpnam.o)
 .comment       0x00000049       0x4a d:/mcuxpressoide_11.6.1_8255/ide/plugins/com.nxp.mcuxpresso.tools.win32_11.6.1.202207200623/tools/bin/../lib/gcc/arm-none-eabi/10.3.1/../../../../arm-none-eabi/lib/thumb/v6-m/nofp\libcr_nohost_nf.a(__sys_write.o)

.ARM.attributes
                0x00000000       0x2a
 .ARM.attributes
                0x00000000       0x2c ./utilities/fsl_assert.o
 .ARM.attributes
                0x0000002c       0x2c ./utilities/fsl_debug_console.o
 .ARM.attributes
                0x00000058       0x2c ./startup/startup_k32l2b31a.o
 .ARM.attributes
                0x00000084       0x2c ./source/led_blinky.o
 .ARM.attributes
                0x000000b0       0x2c ./source/mtb.o
 .ARM.attributes
                0x000000dc       0x2c ./source/semihost_hardfault.o
 .ARM.attributes
                0x00000108       0x2c ./drivers/fsl_clock.o
 .ARM.attributes
                0x00000134       0x2c ./drivers/fsl_gpio.o
 .ARM.attributes
                0x00000160       0x2c ./drivers/fsl_lpuart.o
 .ARM.attributes
                0x0000018c       0x2c ./device/system_K32L2B31A.o
 .ARM.attributes
                0x000001b8       0x2c ./component/uart/fsl_adapter_lpuart.o
 .ARM.attributes
                0x000001e4       0x2c ./board/board.o
 .ARM.attributes
                0x00000210       0x2c ./board/clock_config.o
 .ARM.attributes
                0x0000023c       0x2c ./board/pin_mux.o
 .ARM.attributes
                0x00000268       0x2c d:/mcuxpressoide_11.6.1_8255/ide/plugins/com.nxp.mcuxpresso.tools.win32_11.6.1.202207200623/tools/bin/../lib/gcc/arm-none-eabi/10.3.1/../../../../arm-none-eabi/lib/thumb/v6-m/nofp\libcr_nohost_nf.a(_cr__main.o)
 .ARM.attributes
                0x00000294       0x2c d:/mcuxpressoide_11.6.1_8255/ide/plugins/com.nxp.mcuxpresso.tools.win32_11.6.1.202207200623/tools/bin/../lib/gcc/arm-none-eabi/10.3.1/../../../../arm-none-eabi/lib/thumb/v6-m/nofp\libcr_c.a(memcpy.o)
 .ARM.attributes
                0x000002c0       0x2c d:/mcuxpressoide_11.6.1_8255/ide/plugins/com.nxp.mcuxpresso.tools.win32_11.6.1.202207200623/tools/bin/../lib/gcc/arm-none-eabi/10.3.1/../../../../arm-none-eabi/lib/thumb/v6-m/nofp\libcr_c.a(memset.o)
 .ARM.attributes
                0x000002ec       0x2c d:/mcuxpressoide_11.6.1_8255/ide/plugins/com.nxp.mcuxpresso.tools.win32_11.6.1.202207200623/tools/bin/../lib/gcc/arm-none-eabi/10.3.1/../../../../arm-none-eabi/lib/thumb/v6-m/nofp\libcr_c.a(alloc.o)
 .ARM.attributes
                0x00000318       0x2c d:/mcuxpressoide_11.6.1_8255/ide/plugins/com.nxp.mcuxpresso.tools.win32_11.6.1.202207200623/tools/bin/../lib/gcc/arm-none-eabi/10.3.1/../../../../arm-none-eabi/lib/thumb/v6-m/nofp\libcr_c.a(initio.o)
 .ARM.attributes
                0x00000344       0x2c d:/mcuxpressoide_11.6.1_8255/ide/plugins/com.nxp.mcuxpresso.tools.win32_11.6.1.202207200623/tools/bin/../lib/gcc/arm-none-eabi/10.3.1/../../../../arm-none-eabi/lib/thumb/v6-m/nofp\libcr_c.a(setvbuf.o)
 .ARM.attributes
                0x00000370       0x2c d:/mcuxpressoide_11.6.1_8255/ide/plugins/com.nxp.mcuxpresso.tools.win32_11.6.1.202207200623/tools/bin/../lib/gcc/arm-none-eabi/10.3.1/../../../../arm-none-eabi/lib/thumb/v6-m/nofp\libcr_c.a(strlen.o)
 .ARM.attributes
                0x0000039c       0x2c d:/mcuxpressoide_11.6.1_8255/ide/plugins/com.nxp.mcuxpresso.tools.win32_11.6.1.202207200623/tools/bin/../lib/gcc/arm-none-eabi/10.3.1/../../../../arm-none-eabi/lib/thumb/v6-m/nofp\libcr_c.a(_fdopen.o)
 .ARM.attributes
                0x000003c8       0x2c d:/mcuxpressoide_11.6.1_8255/ide/plugins/com.nxp.mcuxpresso.tools.win32_11.6.1.202207200623/tools/bin/../lib/gcc/arm-none-eabi/10.3.1/../../../../arm-none-eabi/lib/thumb/v6-m/nofp\libcr_c.a(errno.o)
 .ARM.attributes
                0x000003f4       0x2c d:/mcuxpressoide_11.6.1_8255/ide/plugins/com.nxp.mcuxpresso.tools.win32_11.6.1.202207200623/tools/bin/../lib/gcc/arm-none-eabi/10.3.1/../../../../arm-none-eabi/lib/thumb/v6-m/nofp\libcr_c.a(fclose.o)
 .ARM.attributes
                0x00000420       0x2c d:/mcuxpressoide_11.6.1_8255/ide/plugins/com.nxp.mcuxpresso.tools.win32_11.6.1.202207200623/tools/bin/../lib/gcc/arm-none-eabi/10.3.1/../../../../arm-none-eabi/lib/thumb/v6-m/nofp\libcr_c.a(fflush.o)
 .ARM.attributes
                0x0000044c       0x2c d:/mcuxpressoide_11.6.1_8255/ide/plugins/com.nxp.mcuxpresso.tools.win32_11.6.1.202207200623/tools/bin/../lib/gcc/arm-none-eabi/10.3.1/../../../../arm-none-eabi/lib/thumb/v6-m/nofp\libcr_c.a(fseek.o)
 .ARM.attributes
                0x00000478       0x2c d:/mcuxpressoide_11.6.1_8255/ide/plugins/com.nxp.mcuxpresso.tools.win32_11.6.1.202207200623/tools/bin/../lib/gcc/arm-none-eabi/10.3.1/../../../../arm-none-eabi/lib/thumb/v6-m/nofp\libcr_c.a(ftell.o)
 .ARM.attributes
                0x000004a4       0x2c d:/mcuxpressoide_11.6.1_8255/ide/plugins/com.nxp.mcuxpresso.tools.win32_11.6.1.202207200623/tools/bin/../lib/gcc/arm-none-eabi/10.3.1/../../../../arm-none-eabi/lib/thumb/v6-m/nofp\libcr_c.a(remove.o)
 .ARM.attributes
                0x000004d0       0x2c d:/mcuxpressoide_11.6.1_8255/ide/plugins/com.nxp.mcuxpresso.tools.win32_11.6.1.202207200623/tools/bin/../lib/gcc/arm-none-eabi/10.3.1/../../../../arm-none-eabi/lib/thumb/v6-m/nofp\libcr_c.a(_do_fflush.o)
 .ARM.attributes
                0x000004fc       0x2c d:/mcuxpressoide_11.6.1_8255/ide/plugins/com.nxp.mcuxpresso.tools.win32_11.6.1.202207200623/tools/bin/../lib/gcc/arm-none-eabi/10.3.1/../../../../arm-none-eabi/lib/thumb/v6-m/nofp\libcr_c.a(_fflush.o)
 .ARM.attributes
                0x00000528       0x2c d:/mcuxpressoide_11.6.1_8255/ide/plugins/com.nxp.mcuxpresso.tools.win32_11.6.1.202207200623/tools/bin/../lib/gcc/arm-none-eabi/10.3.1/../../../../arm-none-eabi/lib/thumb/v6-m/nofp\libcr_c.a(_writebuf.o)
 .ARM.attributes
                0x00000554       0x2c d:/mcuxpressoide_11.6.1_8255/ide/plugins/com.nxp.mcuxpresso.tools.win32_11.6.1.202207200623/tools/bin/../lib/gcc/arm-none-eabi/10.3.1/../../../../arm-none-eabi/lib/thumb/v6-m/nofp\libcr_c.a(_deferredlazyseek.o)
 .ARM.attributes
                0x00000580       0x1c d:/mcuxpressoide_11.6.1_8255/ide/plugins/com.nxp.mcuxpresso.tools.win32_11.6.1.202207200623/tools/bin/../lib/gcc/arm-none-eabi/10.3.1/thumb/v6-m/nofp\libcr_eabihelpers.a(division_32.o)
 .ARM.attributes
                0x0000059c       0x1c d:/mcuxpressoide_11.6.1_8255/ide/plugins/com.nxp.mcuxpresso.tools.win32_11.6.1.202207200623/tools/bin/../lib/gcc/arm-none-eabi/10.3.1/thumb/v6-m/nofp\libcr_eabihelpers.a(division_idiv0.o)
 .ARM.attributes
                0x000005b8       0x1c d:/mcuxpressoide_11.6.1_8255/ide/plugins/com.nxp.mcuxpresso.tools.win32_11.6.1.202207200623/tools/bin/../lib/gcc/arm-none-eabi/10.3.1/thumb/v6-m/nofp\libcr_eabihelpers.a(memcpy.o)
 .ARM.attributes
                0x000005d4       0x2c d:/mcuxpressoide_11.6.1_8255/ide/plugins/com.nxp.mcuxpresso.tools.win32_11.6.1.202207200623/tools/bin/../lib/gcc/arm-none-eabi/10.3.1/../../../../arm-none-eabi/lib/thumb/v6-m/nofp\libcr_nohost_nf.a(__ciob.o)
 .ARM.attributes
                0x00000600       0x2c d:/mcuxpressoide_11.6.1_8255/ide/plugins/com.nxp.mcuxpresso.tools.win32_11.6.1.202207200623/tools/bin/../lib/gcc/arm-none-eabi/10.3.1/../../../../arm-none-eabi/lib/thumb/v6-m/nofp\libcr_nohost_nf.a(__sys_close.o)
 .ARM.attributes
                0x0000062c       0x2c d:/mcuxpressoide_11.6.1_8255/ide/plugins/com.nxp.mcuxpresso.tools.win32_11.6.1.202207200623/tools/bin/../lib/gcc/arm-none-eabi/10.3.1/../../../../arm-none-eabi/lib/thumb/v6-m/nofp\libcr_nohost_nf.a(__sys_flen.o)
 .ARM.attributes
                0x00000658       0x2c d:/mcuxpressoide_11.6.1_8255/ide/plugins/com.nxp.mcuxpresso.tools.win32_11.6.1.202207200623/tools/bin/../lib/gcc/arm-none-eabi/10.3.1/../../../../arm-none-eabi/lib/thumb/v6-m/nofp\libcr_nohost_nf.a(__sys_istty.o)
 .ARM.attributes
                0x00000684       0x2c d:/mcuxpressoide_11.6.1_8255/ide/plugins/com.nxp.mcuxpresso.tools.win32_11.6.1.202207200623/tools/bin/../lib/gcc/arm-none-eabi/10.3.1/../../../../arm-none-eabi/lib/thumb/v6-m/nofp\libcr_nohost_nf.a(__sys_remove.o)
 .ARM.attributes
                0x000006b0       0x2c d:/mcuxpressoide_11.6.1_8255/ide/plugins/com.nxp.mcuxpresso.tools.win32_11.6.1.202207200623/tools/bin/../lib/gcc/arm-none-eabi/10.3.1/../../../../arm-none-eabi/lib/thumb/v6-m/nofp\libcr_nohost_nf.a(__sys_seek.o)
 .ARM.attributes
                0x000006dc       0x2c d:/mcuxpressoide_11.6.1_8255/ide/plugins/com.nxp.mcuxpresso.tools.win32_11.6.1.202207200623/tools/bin/../lib/gcc/arm-none-eabi/10.3.1/../../../../arm-none-eabi/lib/thumb/v6-m/nofp\libcr_nohost_nf.a(__sys_tmpnam.o)
 .ARM.attributes
                0x00000708       0x2c d:/mcuxpressoide_11.6.1_8255/ide/plugins/com.nxp.mcuxpresso.tools.win32_11.6.1.202207200623/tools/bin/../lib/gcc/arm-none-eabi/10.3.1/../../../../arm-none-eabi/lib/thumb/v6-m/nofp\libcr_nohost_nf.a(__sys_write.o)

.debug_frame    0x00000000     0x12a8
 .debug_frame   0x00000000       0x30 ./utilities/fsl_assert.o
 .debug_frame   0x00000030      0x190 ./utilities/fsl_debug_console.o
 .debug_frame   0x000001c0      0x3a8 ./startup/startup_k32l2b31a.o
 .debug_frame   0x00000568       0xc8 ./source/led_blinky.o
 .debug_frame   0x00000630       0x20 ./source/semihost_hardfault.o
 .debug_frame   0x00000650      0x2e8 ./drivers/fsl_clock.o
 .debug_frame   0x00000938      0x150 ./drivers/fsl_gpio.o
 .debug_frame   0x00000a88      0x4a8 ./drivers/fsl_lpuart.o
 .debug_frame   0x00000f30       0x68 ./device/system_K32L2B31A.o
 .debug_frame   0x00000f98      0x118 ./component/uart/fsl_adapter_lpuart.o
 .debug_frame   0x000010b0       0xac ./board/board.o
 .debug_frame   0x0000115c       0xc0 ./board/clock_config.o
 .debug_frame   0x0000121c       0x8c ./board/pin_mux.o

Cross Reference Table

Symbol                                            File
ADC0_DriverIRQHandler                             ./startup/startup_k32l2b31a.o
ADC0_IRQHandler                                   ./startup/startup_k32l2b31a.o
BOARD_BootClockRUN                                ./board/clock_config.o
BOARD_BootClockVLPR                               ./board/clock_config.o
BOARD_InitBootClocks                              ./board/clock_config.o
                                                  ./source/led_blinky.o
BOARD_InitBootPins                                ./board/pin_mux.o
                                                  ./source/led_blinky.o
BOARD_InitDebugConsole                            ./board/board.o
                                                  ./source/led_blinky.o
BOARD_InitPins                                    ./board/pin_mux.o
CLOCK_DeinitOsc0                                  ./drivers/fsl_clock.o
CLOCK_EnableUsbfs0Clock                           ./drivers/fsl_clock.o
CLOCK_GetBusClkFreq                               ./drivers/fsl_clock.o
CLOCK_GetCoreSysClkFreq                           ./drivers/fsl_clock.o
CLOCK_GetEr32kClkFreq                             ./drivers/fsl_clock.o
CLOCK_GetFlashClkFreq                             ./drivers/fsl_clock.o
CLOCK_GetFreq                                     ./drivers/fsl_clock.o
                                                  ./board/board.o
CLOCK_GetInternalRefClkFreq                       ./drivers/fsl_clock.o
CLOCK_GetMode                                     ./drivers/fsl_clock.o
CLOCK_GetOsc0ErClkFreq                            ./drivers/fsl_clock.o
CLOCK_GetOutClkFreq                               ./drivers/fsl_clock.o
CLOCK_GetPeriphClkFreq                            ./drivers/fsl_clock.o
CLOCK_GetPlatClkFreq                              ./drivers/fsl_clock.o
CLOCK_InitOsc0                                    ./drivers/fsl_clock.o
CLOCK_SetMcgliteConfig                            ./drivers/fsl_clock.o
                                                  ./board/clock_config.o
CLOCK_SetSimConfig                                ./drivers/fsl_clock.o
                                                  ./board/clock_config.o
CMP0_DriverIRQHandler                             ./startup/startup_k32l2b31a.o
CMP0_IRQHandler                                   ./startup/startup_k32l2b31a.o
DAC0_DriverIRQHandler                             ./startup/startup_k32l2b31a.o
DAC0_IRQHandler                                   ./startup/startup_k32l2b31a.o
DMA0_DriverIRQHandler                             ./startup/startup_k32l2b31a.o
DMA0_IRQHandler                                   ./startup/startup_k32l2b31a.o
DMA1_DriverIRQHandler                             ./startup/startup_k32l2b31a.o
DMA1_IRQHandler                                   ./startup/startup_k32l2b31a.o
DMA2_DriverIRQHandler                             ./startup/startup_k32l2b31a.o
DMA2_IRQHandler                                   ./startup/startup_k32l2b31a.o
DMA3_DriverIRQHandler                             ./startup/startup_k32l2b31a.o
DMA3_IRQHandler                                   ./startup/startup_k32l2b31a.o
DbgConsole_Deinit                                 ./utilities/fsl_debug_console.o
DbgConsole_Getchar                                ./utilities/fsl_debug_console.o
DbgConsole_Init                                   ./utilities/fsl_debug_console.o
                                                  ./board/board.o
DbgConsole_Printf                                 ./utilities/fsl_debug_console.o
                                                  ./source/led_blinky.o
                                                  ./utilities/fsl_assert.o
DbgConsole_Putchar                                ./utilities/fsl_debug_console.o
DbgConsole_Scanf                                  ./utilities/fsl_debug_console.o
DbgConsole_Vprintf                                ./utilities/fsl_debug_console.o
FGPIO_PinInit                                     ./drivers/fsl_gpio.o
FGPIO_PortClearInterruptFlags                     ./drivers/fsl_gpio.o
FGPIO_PortGetInterruptFlags                       ./drivers/fsl_gpio.o
FTFA_DriverIRQHandler                             ./startup/startup_k32l2b31a.o
FTFA_IRQHandler                                   ./startup/startup_k32l2b31a.o
Flash_Config                                      ./startup/startup_k32l2b31a.o
GPIO_PinInit                                      ./drivers/fsl_gpio.o
                                                  ./board/pin_mux.o
GPIO_PortClearInterruptFlags                      ./drivers/fsl_gpio.o
GPIO_PortGetInterruptFlags                        ./drivers/fsl_gpio.o
HAL_UartDeinit                                    ./component/uart/fsl_adapter_lpuart.o
                                                  ./utilities/fsl_debug_console.o
HAL_UartEnterLowpower                             ./component/uart/fsl_adapter_lpuart.o
HAL_UartExitLowpower                              ./component/uart/fsl_adapter_lpuart.o
HAL_UartInit                                      ./component/uart/fsl_adapter_lpuart.o
                                                  ./utilities/fsl_debug_console.o
HAL_UartReceiveBlocking                           ./component/uart/fsl_adapter_lpuart.o
                                                  ./utilities/fsl_debug_console.o
HAL_UartSendBlocking                              ./component/uart/fsl_adapter_lpuart.o
                                                  ./utilities/fsl_debug_console.o
HardFault_Handler                                 ./source/semihost_hardfault.o
                                                  ./startup/startup_k32l2b31a.o
I2C0_DriverIRQHandler                             ./startup/startup_k32l2b31a.o
I2C0_IRQHandler                                   ./startup/startup_k32l2b31a.o
I2C1_DriverIRQHandler                             ./startup/startup_k32l2b31a.o
I2C1_IRQHandler                                   ./startup/startup_k32l2b31a.o
IntDefaultHandler                                 ./startup/startup_k32l2b31a.o
LCD_DriverIRQHandler                              ./startup/startup_k32l2b31a.o
LCD_IRQHandler                                    ./startup/startup_k32l2b31a.o
LIST_AddHead                                      ./component/lists/fsl_component_generic_list.o
LIST_AddPrevElement                               ./component/lists/fsl_component_generic_list.o
LIST_AddTail                                      ./component/lists/fsl_component_generic_list.o
LIST_GetAvailableSize                             ./component/lists/fsl_component_generic_list.o
LIST_GetHead                                      ./component/lists/fsl_component_generic_list.o
LIST_GetList                                      ./component/lists/fsl_component_generic_list.o
LIST_GetNext                                      ./component/lists/fsl_component_generic_list.o
LIST_GetPrev                                      ./component/lists/fsl_component_generic_list.o
LIST_GetSize                                      ./component/lists/fsl_component_generic_list.o
LIST_Init                                         ./component/lists/fsl_component_generic_list.o
LIST_RemoveElement                                ./component/lists/fsl_component_generic_list.o
LIST_RemoveHead                                   ./component/lists/fsl_component_generic_list.o
LLWU_DriverIRQHandler                             ./startup/startup_k32l2b31a.o
LLWU_IRQHandler                                   ./startup/startup_k32l2b31a.o
LPTMR0_DriverIRQHandler                           ./startup/startup_k32l2b31a.o
LPTMR0_IRQHandler                                 ./startup/startup_k32l2b31a.o
LPUART0_DriverIRQHandler                          ./drivers/fsl_lpuart.o
                                                  ./startup/startup_k32l2b31a.o
LPUART0_IRQHandler                                ./startup/startup_k32l2b31a.o
LPUART1_DriverIRQHandler                          ./drivers/fsl_lpuart.o
                                                  ./startup/startup_k32l2b31a.o
LPUART1_IRQHandler                                ./startup/startup_k32l2b31a.o
LPUART_ClearStatusFlags                           ./drivers/fsl_lpuart.o
LPUART_Deinit                                     ./drivers/fsl_lpuart.o
                                                  ./component/uart/fsl_adapter_lpuart.o
LPUART_DisableInterrupts                          ./drivers/fsl_lpuart.o
LPUART_Enable9bitMode                             ./drivers/fsl_lpuart.o
LPUART_EnableInterrupts                           ./drivers/fsl_lpuart.o
LPUART_GetDefaultConfig                           ./drivers/fsl_lpuart.o
                                                  ./component/uart/fsl_adapter_lpuart.o
LPUART_GetEnabledInterrupts                       ./drivers/fsl_lpuart.o
LPUART_GetInstance                                ./drivers/fsl_lpuart.o
LPUART_GetStatusFlags                             ./drivers/fsl_lpuart.o
LPUART_Init                                       ./drivers/fsl_lpuart.o
                                                  ./component/uart/fsl_adapter_lpuart.o
LPUART_ReadBlocking                               ./drivers/fsl_lpuart.o
                                                  ./component/uart/fsl_adapter_lpuart.o
LPUART_SendAddress                                ./drivers/fsl_lpuart.o
LPUART_SetBaudRate                                ./drivers/fsl_lpuart.o
LPUART_TransferAbortReceive                       ./drivers/fsl_lpuart.o
LPUART_TransferAbortSend                          ./drivers/fsl_lpuart.o
LPUART_TransferCreateHandle                       ./drivers/fsl_lpuart.o
LPUART_TransferGetReceiveCount                    ./drivers/fsl_lpuart.o
LPUART_TransferGetRxRingBufferLength              ./drivers/fsl_lpuart.o
LPUART_TransferGetSendCount                       ./drivers/fsl_lpuart.o
LPUART_TransferHandleErrorIRQ                     ./drivers/fsl_lpuart.o
LPUART_TransferHandleIRQ                          ./drivers/fsl_lpuart.o
LPUART_TransferReceiveNonBlocking                 ./drivers/fsl_lpuart.o
LPUART_TransferSendNonBlocking                    ./drivers/fsl_lpuart.o
LPUART_TransferStartRingBuffer                    ./drivers/fsl_lpuart.o
LPUART_TransferStopRingBuffer                     ./drivers/fsl_lpuart.o
LPUART_WriteBlocking                              ./drivers/fsl_lpuart.o
                                                  ./component/uart/fsl_adapter_lpuart.o
NMI_Handler                                       ./startup/startup_k32l2b31a.o
PIT_DriverIRQHandler                              ./startup/startup_k32l2b31a.o
PIT_IRQHandler                                    ./startup/startup_k32l2b31a.o
PMC_DriverIRQHandler                              ./startup/startup_k32l2b31a.o
PMC_IRQHandler                                    ./startup/startup_k32l2b31a.o
PORTA_DriverIRQHandler                            ./startup/startup_k32l2b31a.o
PORTA_IRQHandler                                  ./startup/startup_k32l2b31a.o
PORTC_PORTD_DriverIRQHandler                      ./startup/startup_k32l2b31a.o
PORTC_PORTD_IRQHandler                            ./startup/startup_k32l2b31a.o
PendSV_Handler                                    ./startup/startup_k32l2b31a.o
RTC_DriverIRQHandler                              ./startup/startup_k32l2b31a.o
RTC_IRQHandler                                    ./startup/startup_k32l2b31a.o
RTC_Seconds_DriverIRQHandler                      ./startup/startup_k32l2b31a.o
RTC_Seconds_IRQHandler                            ./startup/startup_k32l2b31a.o
Reserved20_DriverIRQHandler                       ./startup/startup_k32l2b31a.o
Reserved20_IRQHandler                             ./startup/startup_k32l2b31a.o
Reserved39_DriverIRQHandler                       ./startup/startup_k32l2b31a.o
Reserved39_IRQHandler                             ./startup/startup_k32l2b31a.o
Reserved42_DriverIRQHandler                       ./startup/startup_k32l2b31a.o
Reserved42_IRQHandler                             ./startup/startup_k32l2b31a.o
Reserved43_DriverIRQHandler                       ./startup/startup_k32l2b31a.o
Reserved43_IRQHandler                             ./startup/startup_k32l2b31a.o
ResetISR                                          ./startup/startup_k32l2b31a.o
SDK_DelayAtLeastUs                                ./drivers/fsl_common_arm.o
SDK_Free                                          ./drivers/fsl_common.o
SDK_Malloc                                        ./drivers/fsl_common.o
SMC_PostExitStopModes                             ./drivers/fsl_smc.o
SMC_PostExitWaitModes                             ./drivers/fsl_smc.o
SMC_PreEnterStopModes                             ./drivers/fsl_smc.o
SMC_PreEnterWaitModes                             ./drivers/fsl_smc.o
SMC_SetPowerModeLls                               ./drivers/fsl_smc.o
SMC_SetPowerModeRun                               ./drivers/fsl_smc.o
SMC_SetPowerModeStop                              ./drivers/fsl_smc.o
SMC_SetPowerModeVlls                              ./drivers/fsl_smc.o
SMC_SetPowerModeVlpr                              ./drivers/fsl_smc.o
                                                  ./board/clock_config.o
SMC_SetPowerModeVlps                              ./drivers/fsl_smc.o
SMC_SetPowerModeVlpw                              ./drivers/fsl_smc.o
SMC_SetPowerModeWait                              ./drivers/fsl_smc.o
SPI0_DriverIRQHandler                             ./startup/startup_k32l2b31a.o
SPI0_IRQHandler                                   ./startup/startup_k32l2b31a.o
SPI1_DriverIRQHandler                             ./startup/startup_k32l2b31a.o
SPI1_IRQHandler                                   ./startup/startup_k32l2b31a.o
SVC_Handler                                       ./startup/startup_k32l2b31a.o
SysTick_DelayTicks                                ./source/led_blinky.o
SysTick_Handler                                   ./source/led_blinky.o
                                                  ./startup/startup_k32l2b31a.o
SystemCoreClock                                   ./device/system_K32L2B31A.o
                                                  ./board/clock_config.o
                                                  ./source/led_blinky.o
SystemCoreClockUpdate                             ./device/system_K32L2B31A.o
SystemInit                                        ./device/system_K32L2B31A.o
                                                  ./startup/startup_k32l2b31a.o
SystemInitHook                                    ./board/board.o
                                                  ./device/system_K32L2B31A.o
TPM0_DriverIRQHandler                             ./startup/startup_k32l2b31a.o
TPM0_IRQHandler                                   ./startup/startup_k32l2b31a.o
TPM1_DriverIRQHandler                             ./startup/startup_k32l2b31a.o
TPM1_IRQHandler                                   ./startup/startup_k32l2b31a.o
TPM2_DriverIRQHandler                             ./startup/startup_k32l2b31a.o
TPM2_IRQHandler                                   ./startup/startup_k32l2b31a.o
UART2_DriverIRQHandler                            ./drivers/fsl_uart.o
UART2_FLEXIO_DriverIRQHandler                     ./startup/startup_k32l2b31a.o
UART2_FLEXIO_IRQHandler                           ./startup/startup_k32l2b31a.o
UART2_RX_TX_DriverIRQHandler                      ./drivers/fsl_uart.o
UART_ClearStatusFlags                             ./drivers/fsl_uart.o
UART_Deinit                                       ./drivers/fsl_uart.o
UART_DisableInterrupts                            ./drivers/fsl_uart.o
UART_Enable9bitMode                               ./drivers/fsl_uart.o
UART_EnableInterrupts                             ./drivers/fsl_uart.o
UART_GetDefaultConfig                             ./drivers/fsl_uart.o
UART_GetEnabledInterrupts                         ./drivers/fsl_uart.o
UART_GetInstance                                  ./drivers/fsl_uart.o
UART_GetStatusFlags                               ./drivers/fsl_uart.o
UART_Init                                         ./drivers/fsl_uart.o
UART_ReadBlocking                                 ./drivers/fsl_uart.o
UART_SendAddress                                  ./drivers/fsl_uart.o
UART_SetBaudRate                                  ./drivers/fsl_uart.o
UART_TransferAbortReceive                         ./drivers/fsl_uart.o
UART_TransferAbortSend                            ./drivers/fsl_uart.o
UART_TransferCreateHandle                         ./drivers/fsl_uart.o
UART_TransferGetReceiveCount                      ./drivers/fsl_uart.o
UART_TransferGetRxRingBufferLength                ./drivers/fsl_uart.o
UART_TransferGetSendCount                         ./drivers/fsl_uart.o
UART_TransferHandleErrorIRQ                       ./drivers/fsl_uart.o
UART_TransferHandleIRQ                            ./drivers/fsl_uart.o
UART_TransferReceiveNonBlocking                   ./drivers/fsl_uart.o
UART_TransferSendNonBlocking                      ./drivers/fsl_uart.o
UART_TransferStartRingBuffer                      ./drivers/fsl_uart.o
UART_TransferStopRingBuffer                       ./drivers/fsl_uart.o
UART_WriteBlocking                                ./drivers/fsl_uart.o
USB0_DriverIRQHandler                             ./startup/startup_k32l2b31a.o
USB0_IRQHandler                                   ./startup/startup_k32l2b31a.o
_Csys_alloc                                       d:/mcuxpressoide_11.6.1_8255/ide/plugins/com.nxp.mcuxpresso.tools.win32_11.6.1.202207200623/tools/bin/../lib/gcc/arm-none-eabi/10.3.1/../../../../arm-none-eabi/lib/thumb/v6-m/nofp\libcr_c.a(alloc.o)
                                                  d:/mcuxpressoide_11.6.1_8255/ide/plugins/com.nxp.mcuxpresso.tools.win32_11.6.1.202207200623/tools/bin/../lib/gcc/arm-none-eabi/10.3.1/../../../../arm-none-eabi/lib/thumb/v6-m/nofp\libcr_c.a(_deferredlazyseek.o)
_Cwritebuf                                        d:/mcuxpressoide_11.6.1_8255/ide/plugins/com.nxp.mcuxpresso.tools.win32_11.6.1.202207200623/tools/bin/../lib/gcc/arm-none-eabi/10.3.1/../../../../arm-none-eabi/lib/thumb/v6-m/nofp\libcr_c.a(_writebuf.o)
                                                  d:/mcuxpressoide_11.6.1_8255/ide/plugins/com.nxp.mcuxpresso.tools.win32_11.6.1.202207200623/tools/bin/../lib/gcc/arm-none-eabi/10.3.1/../../../../arm-none-eabi/lib/thumb/v6-m/nofp\libcr_c.a(_deferredlazyseek.o)
                                                  d:/mcuxpressoide_11.6.1_8255/ide/plugins/com.nxp.mcuxpresso.tools.win32_11.6.1.202207200623/tools/bin/../lib/gcc/arm-none-eabi/10.3.1/../../../../arm-none-eabi/lib/thumb/v6-m/nofp\libcr_c.a(_fflush.o)
__Ciob                                            d:/mcuxpressoide_11.6.1_8255/ide/plugins/com.nxp.mcuxpresso.tools.win32_11.6.1.202207200623/tools/bin/../lib/gcc/arm-none-eabi/10.3.1/../../../../arm-none-eabi/lib/thumb/v6-m/nofp\libcr_nohost_nf.a(__ciob.o)
                                                  d:/mcuxpressoide_11.6.1_8255/ide/plugins/com.nxp.mcuxpresso.tools.win32_11.6.1.202207200623/tools/bin/../lib/gcc/arm-none-eabi/10.3.1/../../../../arm-none-eabi/lib/thumb/v6-m/nofp\libcr_c.a(fflush.o)
                                                  d:/mcuxpressoide_11.6.1_8255/ide/plugins/com.nxp.mcuxpresso.tools.win32_11.6.1.202207200623/tools/bin/../lib/gcc/arm-none-eabi/10.3.1/../../../../arm-none-eabi/lib/thumb/v6-m/nofp\libcr_c.a(initio.o)
__Vectors                                         ./startup/startup_k32l2b31a.o
__aeabi_idiv                                      d:/mcuxpressoide_11.6.1_8255/ide/plugins/com.nxp.mcuxpresso.tools.win32_11.6.1.202207200623/tools/bin/../lib/gcc/arm-none-eabi/10.3.1/thumb/v6-m/nofp\libcr_eabihelpers.a(division_32.o)
__aeabi_idiv0                                     d:/mcuxpressoide_11.6.1_8255/ide/plugins/com.nxp.mcuxpresso.tools.win32_11.6.1.202207200623/tools/bin/../lib/gcc/arm-none-eabi/10.3.1/thumb/v6-m/nofp\libcr_eabihelpers.a(division_idiv0.o)
                                                  d:/mcuxpressoide_11.6.1_8255/ide/plugins/com.nxp.mcuxpresso.tools.win32_11.6.1.202207200623/tools/bin/../lib/gcc/arm-none-eabi/10.3.1/thumb/v6-m/nofp\libcr_eabihelpers.a(division_64.o)
                                                  d:/mcuxpressoide_11.6.1_8255/ide/plugins/com.nxp.mcuxpresso.tools.win32_11.6.1.202207200623/tools/bin/../lib/gcc/arm-none-eabi/10.3.1/thumb/v6-m/nofp\libcr_eabihelpers.a(division_32.o)
__aeabi_idivmod                                   d:/mcuxpressoide_11.6.1_8255/ide/plugins/com.nxp.mcuxpresso.tools.win32_11.6.1.202207200623/tools/bin/../lib/gcc/arm-none-eabi/10.3.1/thumb/v6-m/nofp\libcr_eabihelpers.a(division_32.o)
__aeabi_lasr                                      d:/mcuxpressoide_11.6.1_8255/ide/plugins/com.nxp.mcuxpresso.tools.win32_11.6.1.202207200623/tools/bin/../lib/gcc/arm-none-eabi/10.3.1/thumb/v6-m/nofp\libcr_eabihelpers.a(llong.o)
__aeabi_lcmp                                      d:/mcuxpressoide_11.6.1_8255/ide/plugins/com.nxp.mcuxpresso.tools.win32_11.6.1.202207200623/tools/bin/../lib/gcc/arm-none-eabi/10.3.1/thumb/v6-m/nofp\libcr_eabihelpers.a(llong.o)
__aeabi_ldivmod                                   d:/mcuxpressoide_11.6.1_8255/ide/plugins/com.nxp.mcuxpresso.tools.win32_11.6.1.202207200623/tools/bin/../lib/gcc/arm-none-eabi/10.3.1/thumb/v6-m/nofp\libcr_eabihelpers.a(division_64.o)
__aeabi_llsl                                      d:/mcuxpressoide_11.6.1_8255/ide/plugins/com.nxp.mcuxpresso.tools.win32_11.6.1.202207200623/tools/bin/../lib/gcc/arm-none-eabi/10.3.1/thumb/v6-m/nofp\libcr_eabihelpers.a(llong.o)
__aeabi_llsr                                      d:/mcuxpressoide_11.6.1_8255/ide/plugins/com.nxp.mcuxpresso.tools.win32_11.6.1.202207200623/tools/bin/../lib/gcc/arm-none-eabi/10.3.1/thumb/v6-m/nofp\libcr_eabihelpers.a(llong.o)
__aeabi_lmul                                      d:/mcuxpressoide_11.6.1_8255/ide/plugins/com.nxp.mcuxpresso.tools.win32_11.6.1.202207200623/tools/bin/../lib/gcc/arm-none-eabi/10.3.1/thumb/v6-m/nofp\libcr_eabihelpers.a(llong.o)
                                                  ./drivers/fsl_common_arm.o
__aeabi_lowlevel_memset                           d:/mcuxpressoide_11.6.1_8255/ide/plugins/com.nxp.mcuxpresso.tools.win32_11.6.1.202207200623/tools/bin/../lib/gcc/arm-none-eabi/10.3.1/thumb/v6-m/nofp\libcr_eabihelpers.a(memcpy.o)
                                                  d:/mcuxpressoide_11.6.1_8255/ide/plugins/com.nxp.mcuxpresso.tools.win32_11.6.1.202207200623/tools/bin/../lib/gcc/arm-none-eabi/10.3.1/../../../../arm-none-eabi/lib/thumb/v6-m/nofp\libcr_c.a(memset.o)
__aeabi_memclr                                    d:/mcuxpressoide_11.6.1_8255/ide/plugins/com.nxp.mcuxpresso.tools.win32_11.6.1.202207200623/tools/bin/../lib/gcc/arm-none-eabi/10.3.1/thumb/v6-m/nofp\libcr_eabihelpers.a(memcpy.o)
__aeabi_memclr4                                   d:/mcuxpressoide_11.6.1_8255/ide/plugins/com.nxp.mcuxpresso.tools.win32_11.6.1.202207200623/tools/bin/../lib/gcc/arm-none-eabi/10.3.1/thumb/v6-m/nofp\libcr_eabihelpers.a(memcpy.o)
__aeabi_memclr8                                   d:/mcuxpressoide_11.6.1_8255/ide/plugins/com.nxp.mcuxpresso.tools.win32_11.6.1.202207200623/tools/bin/../lib/gcc/arm-none-eabi/10.3.1/thumb/v6-m/nofp\libcr_eabihelpers.a(memcpy.o)
__aeabi_memcpy                                    d:/mcuxpressoide_11.6.1_8255/ide/plugins/com.nxp.mcuxpresso.tools.win32_11.6.1.202207200623/tools/bin/../lib/gcc/arm-none-eabi/10.3.1/thumb/v6-m/nofp\libcr_eabihelpers.a(memcpy.o)
                                                  d:/mcuxpressoide_11.6.1_8255/ide/plugins/com.nxp.mcuxpresso.tools.win32_11.6.1.202207200623/tools/bin/../lib/gcc/arm-none-eabi/10.3.1/../../../../arm-none-eabi/lib/thumb/v6-m/nofp\libcr_c.a(memcpy.o)
__aeabi_memcpy4                                   d:/mcuxpressoide_11.6.1_8255/ide/plugins/com.nxp.mcuxpresso.tools.win32_11.6.1.202207200623/tools/bin/../lib/gcc/arm-none-eabi/10.3.1/thumb/v6-m/nofp\libcr_eabihelpers.a(memcpy.o)
__aeabi_memcpy8                                   d:/mcuxpressoide_11.6.1_8255/ide/plugins/com.nxp.mcuxpresso.tools.win32_11.6.1.202207200623/tools/bin/../lib/gcc/arm-none-eabi/10.3.1/thumb/v6-m/nofp\libcr_eabihelpers.a(memcpy.o)
__aeabi_memmove                                   d:/mcuxpressoide_11.6.1_8255/ide/plugins/com.nxp.mcuxpresso.tools.win32_11.6.1.202207200623/tools/bin/../lib/gcc/arm-none-eabi/10.3.1/thumb/v6-m/nofp\libcr_eabihelpers.a(memcpy.o)
__aeabi_memmove4                                  d:/mcuxpressoide_11.6.1_8255/ide/plugins/com.nxp.mcuxpresso.tools.win32_11.6.1.202207200623/tools/bin/../lib/gcc/arm-none-eabi/10.3.1/thumb/v6-m/nofp\libcr_eabihelpers.a(memcpy.o)
__aeabi_memmove8                                  d:/mcuxpressoide_11.6.1_8255/ide/plugins/com.nxp.mcuxpresso.tools.win32_11.6.1.202207200623/tools/bin/../lib/gcc/arm-none-eabi/10.3.1/thumb/v6-m/nofp\libcr_eabihelpers.a(memcpy.o)
__aeabi_memset                                    d:/mcuxpressoide_11.6.1_8255/ide/plugins/com.nxp.mcuxpresso.tools.win32_11.6.1.202207200623/tools/bin/../lib/gcc/arm-none-eabi/10.3.1/thumb/v6-m/nofp\libcr_eabihelpers.a(memcpy.o)
__aeabi_memset4                                   d:/mcuxpressoide_11.6.1_8255/ide/plugins/com.nxp.mcuxpresso.tools.win32_11.6.1.202207200623/tools/bin/../lib/gcc/arm-none-eabi/10.3.1/thumb/v6-m/nofp\libcr_eabihelpers.a(memcpy.o)
__aeabi_memset8                                   d:/mcuxpressoide_11.6.1_8255/ide/plugins/com.nxp.mcuxpresso.tools.win32_11.6.1.202207200623/tools/bin/../lib/gcc/arm-none-eabi/10.3.1/thumb/v6-m/nofp\libcr_eabihelpers.a(memcpy.o)
__aeabi_uidiv                                     d:/mcuxpressoide_11.6.1_8255/ide/plugins/com.nxp.mcuxpresso.tools.win32_11.6.1.202207200623/tools/bin/../lib/gcc/arm-none-eabi/10.3.1/thumb/v6-m/nofp\libcr_eabihelpers.a(division_32.o)
                                                  ./device/system_K32L2B31A.o
                                                  ./drivers/fsl_uart.o
                                                  ./drivers/fsl_lpuart.o
                                                  ./drivers/fsl_clock.o
                                                  ./source/led_blinky.o
                                                  ./utilities/fsl_debug_console.o
__aeabi_uidivmod                                  d:/mcuxpressoide_11.6.1_8255/ide/plugins/com.nxp.mcuxpresso.tools.win32_11.6.1.202207200623/tools/bin/../lib/gcc/arm-none-eabi/10.3.1/thumb/v6-m/nofp\libcr_eabihelpers.a(division_32.o)
__aeabi_ulcmp                                     d:/mcuxpressoide_11.6.1_8255/ide/plugins/com.nxp.mcuxpresso.tools.win32_11.6.1.202207200623/tools/bin/../lib/gcc/arm-none-eabi/10.3.1/thumb/v6-m/nofp\libcr_eabihelpers.a(llong.o)
__aeabi_uldivmod                                  d:/mcuxpressoide_11.6.1_8255/ide/plugins/com.nxp.mcuxpresso.tools.win32_11.6.1.202207200623/tools/bin/../lib/gcc/arm-none-eabi/10.3.1/thumb/v6-m/nofp\libcr_eabihelpers.a(division_64.o)
                                                  ./drivers/fsl_common_arm.o
__assertion_failed                                ./utilities/fsl_assert.o
                                                  ./component/uart/fsl_adapter_lpuart.o
                                                  ./drivers/fsl_uart.o
                                                  ./drivers/fsl_lpuart.o
                                                  ./drivers/fsl_gpio.o
                                                  ./drivers/fsl_common_arm.o
                                                  ./drivers/fsl_clock.o
__bss_section_table_end                           ./startup/startup_k32l2b31a.o
__check_heap_overflow                             d:/mcuxpressoide_11.6.1_8255/ide/plugins/com.nxp.mcuxpresso.tools.win32_11.6.1.202207200623/tools/bin/../lib/gcc/arm-none-eabi/10.3.1/../../../../arm-none-eabi/lib/thumb/v6-m/nofp\libcr_c.a(_cr_check_heap.o)
                                                  d:/mcuxpressoide_11.6.1_8255/ide/plugins/com.nxp.mcuxpresso.tools.win32_11.6.1.202207200623/tools/bin/../lib/gcc/arm-none-eabi/10.3.1/../../../../arm-none-eabi/lib/thumb/v6-m/nofp\libcr_c.a(_cr_sbrk.o)
__data_section_table                              ./startup/startup_k32l2b31a.o
__data_section_table_end                          ./startup/startup_k32l2b31a.o
__end_of_heap                                     d:/mcuxpressoide_11.6.1_8255/ide/plugins/com.nxp.mcuxpresso.tools.win32_11.6.1.202207200623/tools/bin/../lib/gcc/arm-none-eabi/10.3.1/../../../../arm-none-eabi/lib/thumb/v6-m/nofp\libcr_c.a(__init_alloc.o)
                                                  d:/mcuxpressoide_11.6.1_8255/ide/plugins/com.nxp.mcuxpresso.tools.win32_11.6.1.202207200623/tools/bin/../lib/gcc/arm-none-eabi/10.3.1/../../../../arm-none-eabi/lib/thumb/v6-m/nofp\libcr_c.a(_cr_sbrk.o)
__exit                                            d:/mcuxpressoide_11.6.1_8255/ide/plugins/com.nxp.mcuxpresso.tools.win32_11.6.1.202207200623/tools/bin/../lib/gcc/arm-none-eabi/10.3.1/../../../../arm-none-eabi/lib/thumb/v6-m/nofp\libcr_nohost_nf.a(__sys_appexit.o)
__flsbuf                                          d:/mcuxpressoide_11.6.1_8255/ide/plugins/com.nxp.mcuxpresso.tools.win32_11.6.1.202207200623/tools/bin/../lib/gcc/arm-none-eabi/10.3.1/../../../../arm-none-eabi/lib/thumb/v6-m/nofp\libcr_c.a(_deferredlazyseek.o)
__heaps                                           d:/mcuxpressoide_11.6.1_8255/ide/plugins/com.nxp.mcuxpresso.tools.win32_11.6.1.202207200623/tools/bin/../lib/gcc/arm-none-eabi/10.3.1/../../../../arm-none-eabi/lib/thumb/v6-m/nofp\libcr_c.a(__init_alloc.o)
                                                  d:/mcuxpressoide_11.6.1_8255/ide/plugins/com.nxp.mcuxpresso.tools.win32_11.6.1.202207200623/tools/bin/../lib/gcc/arm-none-eabi/10.3.1/../../../../arm-none-eabi/lib/thumb/v6-m/nofp\libcr_c.a(alloc.o)
__main                                            d:/mcuxpressoide_11.6.1_8255/ide/plugins/com.nxp.mcuxpresso.tools.win32_11.6.1.202207200623/tools/bin/../lib/gcc/arm-none-eabi/10.3.1/../../../../arm-none-eabi/lib/thumb/v6-m/nofp\libcr_nohost_nf.a(_cr__main.o)
                                                  ./startup/startup_k32l2b31a.o
__mtb_buffer__                                    ./source/mtb.o
__num_Ciob_streams                                d:/mcuxpressoide_11.6.1_8255/ide/plugins/com.nxp.mcuxpresso.tools.win32_11.6.1.202207200623/tools/bin/../lib/gcc/arm-none-eabi/10.3.1/../../../../arm-none-eabi/lib/thumb/v6-m/nofp\libcr_nohost_nf.a(__ciob.o)
                                                  d:/mcuxpressoide_11.6.1_8255/ide/plugins/com.nxp.mcuxpresso.tools.win32_11.6.1.202207200623/tools/bin/../lib/gcc/arm-none-eabi/10.3.1/../../../../arm-none-eabi/lib/thumb/v6-m/nofp\libcr_c.a(fflush.o)
                                                  d:/mcuxpressoide_11.6.1_8255/ide/plugins/com.nxp.mcuxpresso.tools.win32_11.6.1.202207200623/tools/bin/../lib/gcc/arm-none-eabi/10.3.1/../../../../arm-none-eabi/lib/thumb/v6-m/nofp\libcr_c.a(initio.o)
__sys_appexit                                     d:/mcuxpressoide_11.6.1_8255/ide/plugins/com.nxp.mcuxpresso.tools.win32_11.6.1.202207200623/tools/bin/../lib/gcc/arm-none-eabi/10.3.1/../../../../arm-none-eabi/lib/thumb/v6-m/nofp\libcr_nohost_nf.a(__sys_appexit.o)
                                                  d:/mcuxpressoide_11.6.1_8255/ide/plugins/com.nxp.mcuxpresso.tools.win32_11.6.1.202207200623/tools/bin/../lib/gcc/arm-none-eabi/10.3.1/../../../../arm-none-eabi/lib/thumb/v6-m/nofp\libcr_c.a(alloc.o)
__sys_close                                       d:/mcuxpressoide_11.6.1_8255/ide/plugins/com.nxp.mcuxpresso.tools.win32_11.6.1.202207200623/tools/bin/../lib/gcc/arm-none-eabi/10.3.1/../../../../arm-none-eabi/lib/thumb/v6-m/nofp\libcr_nohost_nf.a(__sys_close.o)
                                                  d:/mcuxpressoide_11.6.1_8255/ide/plugins/com.nxp.mcuxpresso.tools.win32_11.6.1.202207200623/tools/bin/../lib/gcc/arm-none-eabi/10.3.1/../../../../arm-none-eabi/lib/thumb/v6-m/nofp\libcr_c.a(fclose.o)
__sys_flen                                        d:/mcuxpressoide_11.6.1_8255/ide/plugins/com.nxp.mcuxpresso.tools.win32_11.6.1.202207200623/tools/bin/../lib/gcc/arm-none-eabi/10.3.1/../../../../arm-none-eabi/lib/thumb/v6-m/nofp\libcr_nohost_nf.a(__sys_flen.o)
                                                  d:/mcuxpressoide_11.6.1_8255/ide/plugins/com.nxp.mcuxpresso.tools.win32_11.6.1.202207200623/tools/bin/../lib/gcc/arm-none-eabi/10.3.1/../../../../arm-none-eabi/lib/thumb/v6-m/nofp\libcr_c.a(_writebuf.o)
                                                  d:/mcuxpressoide_11.6.1_8255/ide/plugins/com.nxp.mcuxpresso.tools.win32_11.6.1.202207200623/tools/bin/../lib/gcc/arm-none-eabi/10.3.1/../../../../arm-none-eabi/lib/thumb/v6-m/nofp\libcr_c.a(fseek.o)
__sys_istty                                       d:/mcuxpressoide_11.6.1_8255/ide/plugins/com.nxp.mcuxpresso.tools.win32_11.6.1.202207200623/tools/bin/../lib/gcc/arm-none-eabi/10.3.1/../../../../arm-none-eabi/lib/thumb/v6-m/nofp\libcr_nohost_nf.a(__sys_istty.o)
                                                  d:/mcuxpressoide_11.6.1_8255/ide/plugins/com.nxp.mcuxpresso.tools.win32_11.6.1.202207200623/tools/bin/../lib/gcc/arm-none-eabi/10.3.1/../../../../arm-none-eabi/lib/thumb/v6-m/nofp\libcr_c.a(_deferredlazyseek.o)
                                                  d:/mcuxpressoide_11.6.1_8255/ide/plugins/com.nxp.mcuxpresso.tools.win32_11.6.1.202207200623/tools/bin/../lib/gcc/arm-none-eabi/10.3.1/../../../../arm-none-eabi/lib/thumb/v6-m/nofp\libcr_c.a(fseek.o)
__sys_remove                                      d:/mcuxpressoide_11.6.1_8255/ide/plugins/com.nxp.mcuxpresso.tools.win32_11.6.1.202207200623/tools/bin/../lib/gcc/arm-none-eabi/10.3.1/../../../../arm-none-eabi/lib/thumb/v6-m/nofp\libcr_nohost_nf.a(__sys_remove.o)